../Core/Src/main.c:260:5:main	16	static
../Core/Src/main.c:437:6:SystemClock_Config	88	static
../Core/Src/main.c:491:13:MX_NVIC_Init	8	static
../Core/Src/main.c:502:6:MF_Init_flash	8	static
../Core/Src/main.c:566:6:Display0_line1	8	static
../Core/Src/main.c:572:6:Dispaly0_line2	16	static
../Core/Src/main.c:584:6:Display1_line1	8	static
../Core/Src/main.c:590:6:Display1_line2	16	static
../Core/Src/main.c:597:6:Display2_line1	8	static
../Core/Src/main.c:603:6:Display2_line2	32	static
../Core/Src/main.c:611:6:Display3_line1	8	static
../Core/Src/main.c:619:6:Display3_line2	16	static
../Core/Src/main.c:634:6:Display3_ADC_switch_select_melody_number	16	static
../Core/Src/main.c:647:6:bufferState	8	static
../Core/Src/main.c:658:6:Set_receive_datas	80	static
../Core/Src/main.c:718:6:Ready_Receive_IT	8	static
../Core/Src/main.c:726:6:HAL_UART_RxCpltCallback	16	static
../Core/Src/main.c:765:6:HAL_GPIO_EXTI_Callback	24	static
../Core/Src/main.c:798:6:HAL_TIM_PeriodElapsedCallback	16	static
../Core/Src/main.c:824:6:I2C_Scan	112	static
../Core/Src/main.c:844:19:LCD_SendInternal	32	static
../Core/Src/main.c:868:6:LCD_SendCommand	16	static
../Core/Src/main.c:872:6:LCD_SendData	16	static
../Core/Src/main.c:876:6:LCD_Init	16	static
../Core/Src/main.c:887:6:LCD_SendString	16	static
../Core/Src/main.c:894:6:init	8	static
../Core/Src/main.c:899:6:loop	8	static
../Core/Src/main.c:902:6:SaveAlarm	8	static
../Core/Src/main.c:915:6:SaveMelody	8	static
../Core/Src/main.c:924:6:SetClock	8	static
../Core/Src/main.c:940:6:SetTimeDown	48	static
../Core/Src/main.c:996:6:SetTimeUp	48	static
../Core/Src/main.c:1058:6:AdcSwitch	24	static
../Core/Src/main.c:1129:6:Bicyclemelody	24	static
../Core/Src/main.c:1170:6:underworld	24	static
../Core/Src/main.c:1205:17:GetSector	24	static
../Core/Src/main.c:1283:6:PlayToAlarm	8	static
../Core/Src/main.c:1289:6:SetUpflash	56	static
../Core/Src/main.c:1330:6:Error_Handler	4	static,ignoring_inline_asm
