Archive member included to satisfy reference by file (symbol)

c:/st/stm32cubeide_1.9.0/stm32cubeide/plugins/com.st.stm32cube.ide.mcu.externaltools.gnu-tools-for-stm32.10.3-2021.10.win32_1.0.0.202111181127/tools/bin/../lib/gcc/arm-none-eabi/10.3.1/../../../../arm-none-eabi/lib/thumb/v7e-m+fp/hard\libc_nano.a(lib_a-errno.o)
                              ./Core/Src/syscalls.o (__errno)
c:/st/stm32cubeide_1.9.0/stm32cubeide/plugins/com.st.stm32cube.ide.mcu.externaltools.gnu-tools-for-stm32.10.3-2021.10.win32_1.0.0.202111181127/tools/bin/../lib/gcc/arm-none-eabi/10.3.1/../../../../arm-none-eabi/lib/thumb/v7e-m+fp/hard\libc_nano.a(lib_a-exit.o)
                              c:/st/stm32cubeide_1.9.0/stm32cubeide/plugins/com.st.stm32cube.ide.mcu.externaltools.gnu-tools-for-stm32.10.3-2021.10.win32_1.0.0.202111181127/tools/bin/../lib/gcc/arm-none-eabi/10.3.1/../../../../arm-none-eabi/lib/thumb/v7e-m+fp/hard/crt0.o (exit)
c:/st/stm32cubeide_1.9.0/stm32cubeide/plugins/com.st.stm32cube.ide.mcu.externaltools.gnu-tools-for-stm32.10.3-2021.10.win32_1.0.0.202111181127/tools/bin/../lib/gcc/arm-none-eabi/10.3.1/../../../../arm-none-eabi/lib/thumb/v7e-m+fp/hard\libc_nano.a(lib_a-impure.o)
                              c:/st/stm32cubeide_1.9.0/stm32cubeide/plugins/com.st.stm32cube.ide.mcu.externaltools.gnu-tools-for-stm32.10.3-2021.10.win32_1.0.0.202111181127/tools/bin/../lib/gcc/arm-none-eabi/10.3.1/../../../../arm-none-eabi/lib/thumb/v7e-m+fp/hard\libc_nano.a(lib_a-exit.o) (_global_impure_ptr)
c:/st/stm32cubeide_1.9.0/stm32cubeide/plugins/com.st.stm32cube.ide.mcu.externaltools.gnu-tools-for-stm32.10.3-2021.10.win32_1.0.0.202111181127/tools/bin/../lib/gcc/arm-none-eabi/10.3.1/../../../../arm-none-eabi/lib/thumb/v7e-m+fp/hard\libc_nano.a(lib_a-init.o)
                              c:/st/stm32cubeide_1.9.0/stm32cubeide/plugins/com.st.stm32cube.ide.mcu.externaltools.gnu-tools-for-stm32.10.3-2021.10.win32_1.0.0.202111181127/tools/bin/../lib/gcc/arm-none-eabi/10.3.1/../../../../arm-none-eabi/lib/thumb/v7e-m+fp/hard/crt0.o (__libc_init_array)
c:/st/stm32cubeide_1.9.0/stm32cubeide/plugins/com.st.stm32cube.ide.mcu.externaltools.gnu-tools-for-stm32.10.3-2021.10.win32_1.0.0.202111181127/tools/bin/../lib/gcc/arm-none-eabi/10.3.1/../../../../arm-none-eabi/lib/thumb/v7e-m+fp/hard\libc_nano.a(lib_a-memset.o)
                              c:/st/stm32cubeide_1.9.0/stm32cubeide/plugins/com.st.stm32cube.ide.mcu.externaltools.gnu-tools-for-stm32.10.3-2021.10.win32_1.0.0.202111181127/tools/bin/../lib/gcc/arm-none-eabi/10.3.1/../../../../arm-none-eabi/lib/thumb/v7e-m+fp/hard/crt0.o (memset)
c:/st/stm32cubeide_1.9.0/stm32cubeide/plugins/com.st.stm32cube.ide.mcu.externaltools.gnu-tools-for-stm32.10.3-2021.10.win32_1.0.0.202111181127/tools/bin/../lib/gcc/arm-none-eabi/10.3.1/../../../../arm-none-eabi/lib/thumb/v7e-m+fp/hard\libc_nano.a(lib_a-printf.o)
                              ./Core/Src/main.o (printf)
c:/st/stm32cubeide_1.9.0/stm32cubeide/plugins/com.st.stm32cube.ide.mcu.externaltools.gnu-tools-for-stm32.10.3-2021.10.win32_1.0.0.202111181127/tools/bin/../lib/gcc/arm-none-eabi/10.3.1/../../../../arm-none-eabi/lib/thumb/v7e-m+fp/hard\libc_nano.a(lib_a-puts.o)
                              ./Core/Src/main.o (puts)
c:/st/stm32cubeide_1.9.0/stm32cubeide/plugins/com.st.stm32cube.ide.mcu.externaltools.gnu-tools-for-stm32.10.3-2021.10.win32_1.0.0.202111181127/tools/bin/../lib/gcc/arm-none-eabi/10.3.1/../../../../arm-none-eabi/lib/thumb/v7e-m+fp/hard\libc_nano.a(lib_a-snprintf.o)
                              ./Core/Src/main.o (snprintf)
c:/st/stm32cubeide_1.9.0/stm32cubeide/plugins/com.st.stm32cube.ide.mcu.externaltools.gnu-tools-for-stm32.10.3-2021.10.win32_1.0.0.202111181127/tools/bin/../lib/gcc/arm-none-eabi/10.3.1/../../../../arm-none-eabi/lib/thumb/v7e-m+fp/hard\libc_nano.a(lib_a-sprintf.o)
                              ./Core/Src/main.o (sprintf)
c:/st/stm32cubeide_1.9.0/stm32cubeide/plugins/com.st.stm32cube.ide.mcu.externaltools.gnu-tools-for-stm32.10.3-2021.10.win32_1.0.0.202111181127/tools/bin/../lib/gcc/arm-none-eabi/10.3.1/../../../../arm-none-eabi/lib/thumb/v7e-m+fp/hard\libc_nano.a(lib_a-strlen.o)
                              ./Core/Src/main.o (strlen)
c:/st/stm32cubeide_1.9.0/stm32cubeide/plugins/com.st.stm32cube.ide.mcu.externaltools.gnu-tools-for-stm32.10.3-2021.10.win32_1.0.0.202111181127/tools/bin/../lib/gcc/arm-none-eabi/10.3.1/../../../../arm-none-eabi/lib/thumb/v7e-m+fp/hard\libc_nano.a(lib_a-strstr.o)
                              ./Core/Src/main.o (strstr)
c:/st/stm32cubeide_1.9.0/stm32cubeide/plugins/com.st.stm32cube.ide.mcu.externaltools.gnu-tools-for-stm32.10.3-2021.10.win32_1.0.0.202111181127/tools/bin/../lib/gcc/arm-none-eabi/10.3.1/../../../../arm-none-eabi/lib/thumb/v7e-m+fp/hard\libc_nano.a(lib_a-wbuf.o)
[...]
Memory Configuration

Name             Origin             Length             Attributes
CCMRAM           0x0000000010000000 0x0000000000010000 xrw
RAM              0x0000000020000000 0x0000000000030000 xrw
FLASH            0x0000000008000000 0x0000000000200000 xr
*default*        0x0000000000000000 0xffffffffffffffff

Linker script and memory map

LOAD c:/st/stm32cubeide_1.9.0/stm32cubeide/plugins/com.st.stm32cube.ide.mcu.externaltools.gnu-tools-for-stm32.10.3-2021.10.win32_1.0.0.202111181127/tools/bin/../lib/gcc/arm-none-eabi/10.3.1/thumb/v7e-m+fp/hard/crti.o
LOAD c:/st/stm32cubeide_1.9.0/stm32cubeide/plugins/com.st.stm32cube.ide.mcu.externaltools.gnu-tools-for-stm32.10.3-2021.10.win32_1.0.0.202111181127/tools/bin/../lib/gcc/arm-none-eabi/10.3.1/thumb/v7e-m+fp/hard/crtbegin.o
LOAD c:/st/stm32cubeide_1.9.0/stm32cubeide/plugins/com.st.stm32cube.ide.mcu.externaltools.gnu-tools-for-stm32.10.3-2021.10.win32_1.0.0.202111181127/tools/bin/../lib/gcc/arm-none-eabi/10.3.1/../../../../arm-none-eabi/lib/thumb/v7e-m+fp/hard/crt0.o
LOAD ./Core/Src/adc.o
LOAD ./Core/Src/gpio.o
LOAD ./Core/Src/i2c.o
LOAD ./Core/Src/main.o
LOAD ./Core/Src/rtc.o
LOAD ./Core/Src/stm32f4xx_hal_msp.o
LOAD ./Core/Src/stm32f4xx_it.o
LOAD ./Core/Src/syscalls.o
LOAD ./Core/Src/sysmem.o
LOAD ./Core/Src/system_stm32f4xx.o
LOAD ./Core/Src/tim.o
LOAD ./Core/Src/usart.o
LOAD ./Core/Startup/startup_stm32f429zitx.o
LOAD ./Drivers/STM32F4xx_HAL_Driver/Src/stm32f4xx_hal.o
LOAD ./Drivers/STM32F4xx_HAL_Driver/Src/stm32f4xx_hal_adc.o
LOAD ./Drivers/STM32F4xx_HAL_Driver/Src/stm32f4xx_hal_adc_ex.o
LOAD ./Drivers/STM32F4xx_HAL_Driver/Src/stm32f4xx_hal_cortex.o
LOAD ./Drivers/STM32F4xx_HAL_Driver/Src/stm32f4xx_hal_dma.o
LOAD ./Drivers/STM32F4xx_HAL_Driver/Src/stm32f4xx_hal_dma_ex.o
LOAD ./Drivers/STM32F4xx_HAL_Driver/Src/stm32f4xx_hal_exti.o
LOAD ./Drivers/STM32F4xx_HAL_Driver/Src/stm32f4xx_hal_flash.o
LOAD ./Drivers/STM32F4xx_HAL_Driver/Src/stm32f4xx_hal_flash_ex.o
LOAD ./Drivers/STM32F4xx_HAL_Driver/Src/stm32f4xx_hal_flash_ramfunc.o
LOAD ./Drivers/STM32F4xx_HAL_Driver/Src/stm32f4xx_hal_gpio.o
LOAD ./Drivers/STM32F4xx_HAL_Driver/Src/stm32f4xx_hal_i2c.o
LOAD ./Drivers/STM32F4xx_HAL_Driver/Src/stm32f4xx_hal_i2c_ex.o
LOAD ./Drivers/STM32F4xx_HAL_Driver/Src/stm32f4xx_hal_pwr.o
LOAD ./Drivers/STM32F4xx_HAL_Driver/Src/stm32f4xx_hal_pwr_ex.o
LOAD ./Drivers/STM32F4xx_HAL_Driver/Src/stm32f4xx_hal_rcc.o
LOAD ./Drivers/STM32F4xx_HAL_Driver/Src/stm32f4xx_hal_rcc_ex.o
LOAD ./Drivers/STM32F4xx_HAL_Driver/Src/stm32f4xx_hal_rtc.o
LOAD ./Drivers/STM32F4xx_HAL_Driver/Src/stm32f4xx_hal_rtc_ex.o
LOAD ./Drivers/STM32F4xx_HAL_Driver/Src/stm32f4xx_hal_tim.o
LOAD ./Drivers/STM32F4xx_HAL_Driver/Src/stm32f4xx_hal_tim_ex.o
LOAD ./Drivers/STM32F4xx_HAL_Driver/Src/stm32f4xx_hal_uart.o
LOAD ./Drivers/STM32F4xx_HAL_Driver/Src/stm32f4xx_ll_adc.o
START GROUP
LOAD c:/st/stm32cubeide_1.9.0/stm32cubeide/plugins/com.st.stm32cube.ide.mcu.externaltools.gnu-tools-for-stm32.10.3-2021.10.win32_1.0.0.202111181127/tools/bin/../lib/gcc/arm-none-eabi/10.3.1/../../../../arm-none-eabi/lib/thumb/v7e-m+fp/hard\libc_nano.a
LOAD c:/st/stm32cubeide_1.9.0/stm32cubeide/plugins/com.st.stm32cube.ide.mcu.externaltools.gnu-tools-for-stm32.10.3-2021.10.win32_1.0.0.202111181127/tools/bin/../lib/gcc/arm-none-eabi/10.3.1/../../../../arm-none-eabi/lib/thumb/v7e-m+fp/hard\libm.a
END GROUP
START GROUP
LOAD c:/st/stm32cubeide_1.9.0/stm32cubeide/plugins/com.st.stm32cube.ide.mcu.externaltools.gnu-tools-for-stm32.10.3-2021.10.win32_1.0.0.202111181127/tools/bin/../lib/gcc/arm-none-eabi/10.3.1/thumb/v7e-m+fp/hard\libgcc.a
LOAD c:/st/stm32cubeide_1.9.0/stm32cubeide/plugins/com.st.stm32cube.ide.mcu.externaltools.gnu-tools-for-stm32.10.3-2021.10.win32_1.0.0.202111181127/tools/bin/../lib/gcc/arm-none-eabi/10.3.1/../../../../arm-none-eabi/lib/thumb/v7e-m+fp/hard\libc_nano.a
END GROUP
START GROUP
LOAD c:/st/stm32cubeide_1.9.0/stm32cubeide/plugins/com.st.stm32cube.ide.mcu.externaltools.gnu-tools-for-stm32.10.3-2021.10.win32_1.0.0.202111181127/tools/bin/../lib/gcc/arm-none-eabi/10.3.1/thumb/v7e-m+fp/hard\libgcc.a
LOAD c:/st/stm32cubeide_1.9.0/stm32cubeide/plugins/com.st.stm32cube.ide.mcu.externaltools.gnu-tools-for-stm32.10.3-2021.10.win32_1.0.0.202111181127/tools/bin/../lib/gcc/arm-none-eabi/10.3.1/../../../../arm-none-eabi/lib/thumb/v7e-m+fp/hard\libc_nano.a
LOAD c:/st/stm32cubeide_1.9.0/stm32cubeide/plugins/com.st.stm32cube.ide.mcu.externaltools.gnu-tools-for-stm32.10.3-2021.10.win32_1.0.0.202111181127/tools/bin/../lib/gcc/arm-none-eabi/10.3.1/../../../../arm-none-eabi/lib/thumb/v7e-m+fp/hard\libnosys.a
END GROUP
START GROUP
LOAD c:/st/stm32cubeide_1.9.0/stm32cubeide/plugins/com.st.stm32cube.ide.mcu.externaltools.gnu-tools-for-stm32.10.3-2021.10.win32_1.0.0.202111181127/tools/bin/../lib/gcc/arm-none-eabi/10.3.1/thumb/v7e-m+fp/hard\libgcc.a
LOAD c:/st/stm32cubeide_1.9.0/stm32cubeide/plugins/com.st.stm32cube.ide.mcu.externaltools.gnu-tools-for-stm32.10.3-2021.10.win32_1.0.0.202111181127/tools/bin/../lib/gcc/arm-none-eabi/10.3.1/../../../../arm-none-eabi/lib/thumb/v7e-m+fp/hard\libc_nano.a
LOAD c:/st/stm32cubeide_1.9.0/stm32cubeide/plugins/com.st.stm32cube.ide.mcu.externaltools.gnu-tools-for-stm32.10.3-2021.10.win32_1.0.0.202111181127/tools/bin/../lib/gcc/arm-none-eabi/10.3.1/../../../../arm-none-eabi/lib/thumb/v7e-m+fp/hard\libnosys.a
END GROUP
LOAD c:/st/stm32cubeide_1.9.0/stm32cubeide/plugins/com.st.stm32cube.ide.mcu.externaltools.gnu-tools-for-stm32.10.3-2021.10.win32_1.0.0.202111181127/tools/bin/../lib/gcc/arm-none-eabi/10.3.1/thumb/v7e-m+fp/hard/crtend.o
LOAD c:/st/stm32cubeide_1.9.0/stm32cubeide/plugins/com.st.stm32cube.ide.mcu.externaltools.gnu-tools-for-stm32.10.3-2021.10.win32_1.0.0.202111181127/tools/bin/../lib/gcc/arm-none-eabi/10.3.1/thumb/v7e-m+fp/hard/crtn.o
                0x0000000020030000                _estack = (ORIGIN (RAM) + LENGTH (RAM))
                0x0000000000000200                _Min_Heap_Size = 0x200
                0x0000000000000400                _Min_Stack_Size = 0x400

.isr_vector     0x0000000008000000      0x1ac
                0x0000000008000000                . = ALIGN (0x4)
 *(.isr_vector)
 .isr_vector    0x0000000008000000      0x1ac ./Core/Startup/startup_stm32f429zitx.o
                0x0000000008000000                g_pfnVectors
                0x00000000080001ac                . = ALIGN (0x4)

.text           0x00000000080001b0     0x98a4
                0x00000000080001b0                . = ALIGN (0x4)
 *(.text)
 .text          0x00000000080001b0       0x40 c:/st/stm32cubeide_1.9.0/stm32cubeide/plugins/com.st.stm32cube.ide.mcu.externaltools.gnu-tools-for-stm32.10.3-2021.10.win32_1.0.0.202111181127/tools/bin/../lib/gcc/arm-none-eabi/10.3.1/thumb/v7e-m+fp/hard/crtbegin.o
 .text          0x00000000080001f0       0x10 c:/st/stm32cubeide_1.9.0/stm32cubeide/plugins/com.st.stm32cube.ide.mcu.externaltools.gnu-tools-for-stm32.10.3-2021.10.win32_1.0.0.202111181127/tools/bin/../lib/gcc/arm-none-eabi/10.3.1/../../../../arm-none-eabi/lib/thumb/v7e-m+fp/hard\libc_nano.a(lib_a-strlen.o)
                0x00000000080001f0                strlen
 .text          0x0000000008000200       0xa0 c:/st/stm32cubeide_1.9.0/stm32cubeide/plugins/com.st.stm32cube.ide.mcu.externaltools.gnu-tools-for-stm32.10.3-2021.10.win32_1.0.0.202111181127/tools/bin/../lib/gcc/arm-none-eabi/10.3.1/../../../../arm-none-eabi/lib/thumb/v7e-m+fp/hard\libc_nano.a(lib_a-memchr.o)
                0x0000000008000200                memchr
 .text          0x00000000080002a0       0x30 c:/st/stm32cubeide_1.9.0/stm32cubeide/plugins/com.st.stm32cube.ide.mcu.externaltools.gnu-tools-for-stm32.10.3-2021.10.win32_1.0.0.202111181127/tools/bin/../lib/gcc/arm-none-eabi/10.3.1/thumb/v7e-m+fp/hard\libgcc.a(_aeabi_uldivmod.o)
                0x00000000080002a0                __aeabi_uldivmod
 .text          0x00000000080002d0      0x2d0 c:/st/stm32cubeide_1.9.0/stm32cubeide/plugins/com.st.stm32cube.ide.mcu.externaltools.gnu-tools-for-stm32.10.3-2021.10.win32_1.0.0.202111181127/tools/bin/../lib/gcc/arm-none-eabi/10.3.1/thumb/v7e-m+fp/hard\libgcc.a(_udivmoddi4.o)
                0x00000000080002d0                __udivmoddi4
 .text          0x00000000080005a0        0x4 c:/st/stm32cubeide_1.9.0/stm32cubeide/plugins/com.st.stm32cube.ide.mcu.externaltools.gnu-tools-for-stm32.10.3-2021.10.win32_1.0.0.202111181127/tools/bin/../lib/gcc/arm-none-eabi/10.3.1/thumb/v7e-m+fp/hard\libgcc.a(_dvmd_tls.o)
                0x00000000080005a0                __aeabi_idiv0
                0x00000000080005a0                __aeabi_ldiv0
 *(.text*)
 .text.MX_ADC1_Init
                0x00000000080005a4       0xa4 ./Core/Src/adc.o
                0x00000000080005a4                MX_ADC1_Init
 .text.HAL_ADC_MspInit
                0x0000000008000648       0x88 ./Core/Src/adc.o
                0x0000000008000648                HAL_ADC_MspInit
 .text.MX_GPIO_Init
                0x00000000080006d0       0xe0 ./Core/Src/gpio.o
                0x00000000080006d0                MX_GPIO_Init
 .text.MX_I2C1_Init
                0x00000000080007b0       0x80 ./Core/Src/i2c.o
                0x00000000080007b0                MX_I2C1_Init
 .text.HAL_I2C_MspInit
                0x0000000008000830       0x90 ./Core/Src/i2c.o
                0x0000000008000830                HAL_I2C_MspInit
 .text.main     0x00000000080008c0      0x294 ./Core/Src/main.o
                0x00000000080008c0                main
 .text.SystemClock_Config
                0x0000000008000b54       0xe4 ./Core/Src/main.o
                0x0000000008000b54                SystemClock_Config
 .text.MX_NVIC_Init
                0x0000000008000c38       0x28 ./Core/Src/main.o
 .text.MF_Init_flash
                0x0000000008000c60      0x1c0 ./Core/Src/main.o
                0x0000000008000c60                MF_Init_flash
 .text.Display0_line1
                0x0000000008000e20       0x3c ./Core/Src/main.o
                0x0000000008000e20                Display0_line1
 .text.Dispaly0_line2
                0x0000000008000e5c       0x80 ./Core/Src/main.o
                0x0000000008000e5c                Dispaly0_line2
 .text.Display1_line1
                0x0000000008000edc       0x3c ./Core/Src/main.o
                0x0000000008000edc                Display1_line1
 .text.Display1_line2
                0x0000000008000f18       0x5c ./Core/Src/main.o
                0x0000000008000f18                Display1_line2
 .text.Display2_line1
                0x0000000008000f74       0x3c ./Core/Src/main.o
                0x0000000008000f74                Display2_line1
 .text.Display2_line2
                0x0000000008000fb0       0x70 ./Core/Src/main.o
                0x0000000008000fb0                Display2_line2
 .text.Display3_line1
                0x0000000008001020       0x34 ./Core/Src/main.o
                0x0000000008001020                Display3_line1
 .text.Display3_line2
                0x0000000008001054       0x60 ./Core/Src/main.o
                0x0000000008001054                Display3_line2
 .text.Display3_ADC_switch_select_melody_number
                0x00000000080010b4       0x38 ./Core/Src/main.o
                0x00000000080010b4                Display3_ADC_switch_select_melody_number
 .text.bufferState
                0x00000000080010ec       0x38 ./Core/Src/main.o
                0x00000000080010ec                bufferState
 .text.Set_receive_datas
                0x0000000008001124      0x22c ./Core/Src/main.o
                0x0000000008001124                Set_receive_datas
 .text.Ready_Receive_IT
                0x0000000008001350       0x3c ./Core/Src/main.o
                0x0000000008001350                Ready_Receive_IT
 .text.HAL_UART_RxCpltCallback
                0x000000000800138c       0xc4 ./Core/Src/main.o
                0x000000000800138c                HAL_UART_RxCpltCallback
 .text.HAL_GPIO_EXTI_Callback
                0x0000000008001450       0xf0 ./Core/Src/main.o
                0x0000000008001450                HAL_GPIO_EXTI_Callback
 .text.HAL_TIM_PeriodElapsedCallback
                0x0000000008001540       0xc8 ./Core/Src/main.o
                0x0000000008001540                HAL_TIM_PeriodElapsedCallback
 .text.I2C_Scan
                0x0000000008001608       0xd8 ./Core/Src/main.o
                0x0000000008001608                I2C_Scan
 .text.LCD_SendInternal
                0x00000000080016e0       0xac ./Core/Src/main.o
                0x00000000080016e0                LCD_SendInternal
 .text.LCD_SendCommand
                0x000000000800178c       0x24 ./Core/Src/main.o
                0x000000000800178c                LCD_SendCommand
 .text.LCD_SendData
                0x00000000080017b0       0x24 ./Core/Src/main.o
                0x00000000080017b0                LCD_SendData
 .text.LCD_Init
                0x00000000080017d4       0x3a ./Core/Src/main.o
                0x00000000080017d4                LCD_Init
 .text.LCD_SendString
                0x000000000800180e       0x34 ./Core/Src/main.o
                0x000000000800180e                LCD_SendString
 .text.init     0x0000000008001842       0x12 ./Core/Src/main.o
                0x0000000008001842                init
 .text.SaveAlarm
                0x0000000008001854       0x50 ./Core/Src/main.o
                0x0000000008001854                SaveAlarm
 .text.SaveMelody
                0x00000000080018a4       0x28 ./Core/Src/main.o
                0x00000000080018a4                SaveMelody
 .text.SetClock
                0x00000000080018cc       0x68 ./Core/Src/main.o
                0x00000000080018cc                SetClock
 .text.SetTimeDown
                0x0000000008001934      0x274 ./Core/Src/main.o
                0x0000000008001934                SetTimeDown
 .text.SetTimeUp
                0x0000000008001ba8      0x28c ./Core/Src/main.o
                0x0000000008001ba8                SetTimeUp
 .text.AdcSwitch
                0x0000000008001e34      0x1f4 ./Core/Src/main.o
                0x0000000008001e34                AdcSwitch
 .text.Bicyclemelody
                0x0000000008002028      0x204 ./Core/Src/main.o
                0x0000000008002028                Bicyclemelody
 .text.underworld
                0x000000000800222c      0x18c ./Core/Src/main.o
                0x000000000800222c                underworld
 .text.GetSector
                0x00000000080023b8      0x270 ./Core/Src/main.o
 .text.PlayToAlarm
                0x0000000008002628       0x28 ./Core/Src/main.o
                0x0000000008002628                PlayToAlarm
 .text.SetUpflash
                0x0000000008002650      0x100 ./Core/Src/main.o
                0x0000000008002650                SetUpflash
 .text.Error_Handler
                0x0000000008002750        0xa ./Core/Src/main.o
                0x0000000008002750                Error_Handler
 *fill*         0x000000000800275a        0x2 
 .text.MX_RTC_Init
                0x000000000800275c       0xb8 ./Core/Src/rtc.o
                0x000000000800275c                MX_RTC_Init
 .text.HAL_RTC_MspInit
                0x0000000008002814       0x54 ./Core/Src/rtc.o
                0x0000000008002814                HAL_RTC_MspInit
 .text.HAL_MspInit
                0x0000000008002868       0x50 ./Core/Src/stm32f4xx_hal_msp.o
                0x0000000008002868                HAL_MspInit
 .text.NMI_Handler
                0x00000000080028b8        0x6 ./Core/Src/stm32f4xx_it.o
                0x00000000080028b8                NMI_Handler
 .text.HardFault_Handler
                0x00000000080028be        0x6 ./Core/Src/stm32f4xx_it.o
                0x00000000080028be                HardFault_Handler
 .text.MemManage_Handler
                0x00000000080028c4        0x6 ./Core/Src/stm32f4xx_it.o
                0x00000000080028c4                MemManage_Handler
 .text.BusFault_Handler
                0x00000000080028ca        0x6 ./Core/Src/stm32f4xx_it.o
                0x00000000080028ca                BusFault_Handler
 .text.UsageFault_Handler
                0x00000000080028d0        0x6 ./Core/Src/stm32f4xx_it.o
                0x00000000080028d0                UsageFault_Handler
 .text.SVC_Handler
                0x00000000080028d6        0xe ./Core/Src/stm32f4xx_it.o
                0x00000000080028d6                SVC_Handler
 .text.DebugMon_Handler
                0x00000000080028e4        0xe ./Core/Src/stm32f4xx_it.o
                0x00000000080028e4                DebugMon_Handler
 .text.PendSV_Handler
                0x00000000080028f2        0xe ./Core/Src/stm32f4xx_it.o
                0x00000000080028f2                PendSV_Handler
 .text.SysTick_Handler
                0x0000000008002900        0xc ./Core/Src/stm32f4xx_it.o
                0x0000000008002900                SysTick_Handler
 .text.TIM3_IRQHandler
                0x000000000800290c       0x14 ./Core/Src/stm32f4xx_it.o
                0x000000000800290c                TIM3_IRQHandler
 .text.USART3_IRQHandler
                0x0000000008002920       0x14 ./Core/Src/stm32f4xx_it.o
                0x0000000008002920                USART3_IRQHandler
 .text.EXTI15_10_IRQHandler
                0x0000000008002934       0x10 ./Core/Src/stm32f4xx_it.o
                0x0000000008002934                EXTI15_10_IRQHandler
 .text._read    0x0000000008002944       0x3a ./Core/Src/syscalls.o
                0x0000000008002944                _read
 .text._write   0x000000000800297e       0x38 ./Core/Src/syscalls.o
                0x000000000800297e                _write
 .text._close   0x00000000080029b6       0x18 ./Core/Src/syscalls.o
                0x00000000080029b6                _close
 .text._fstat   0x00000000080029ce       0x20 ./Core/Src/syscalls.o
                0x00000000080029ce                _fstat
 .text._isatty  0x00000000080029ee       0x16 ./Core/Src/syscalls.o
                0x00000000080029ee                _isatty
 .text._lseek   0x0000000008002a04       0x1a ./Core/Src/syscalls.o
                0x0000000008002a04                _lseek
 *fill*         0x0000000008002a1e        0x2 
 .text._sbrk    0x0000000008002a20       0x6c ./Core/Src/sysmem.o
                0x0000000008002a20                _sbrk
 .text.SystemInit
                0x0000000008002a8c       0x24 ./Core/Src/system_stm32f4xx.o
                0x0000000008002a8c                SystemInit
 .text.MX_TIM2_Init
                0x0000000008002ab0       0xec ./Core/Src/tim.o
                0x0000000008002ab0                MX_TIM2_Init
 .text.MX_TIM3_Init
                0x0000000008002b9c       0x9c ./Core/Src/tim.o
                0x0000000008002b9c                MX_TIM3_Init
 .text.HAL_TIM_Base_MspInit
                0x0000000008002c38       0x78 ./Core/Src/tim.o
                0x0000000008002c38                HAL_TIM_Base_MspInit
 .text.HAL_TIM_MspPostInit
                0x0000000008002cb0       0x70 ./Core/Src/tim.o
                0x0000000008002cb0                HAL_TIM_MspPostInit
 .text.MX_USART2_UART_Init
                0x0000000008002d20       0x54 ./Core/Src/usart.o
                0x0000000008002d20                MX_USART2_UART_Init
 .text.MX_USART3_UART_Init
                0x0000000008002d74       0x54 ./Core/Src/usart.o
                0x0000000008002d74                MX_USART3_UART_Init
 .text.HAL_UART_MspInit
                0x0000000008002dc8       0xf8 ./Core/Src/usart.o
                0x0000000008002dc8                HAL_UART_MspInit
 .text.Reset_Handler
                0x0000000008002ec0       0x50 ./Core/Startup/startup_stm32f429zitx.o
                0x0000000008002ec0                Reset_Handler
 .text.Default_Handler
                0x0000000008002f10        0x2 ./Core/Startup/startup_stm32f429zitx.o
                0x0000000008002f10                RTC_Alarm_IRQHandler
                0x0000000008002f10                HASH_RNG_IRQHandler
                0x0000000008002f10                EXTI2_IRQHandler
                0x0000000008002f10                TIM8_CC_IRQHandler
                0x0000000008002f10                UART8_IRQHandler
                0x0000000008002f10                SPI4_IRQHandler
                0x0000000008002f10                TIM1_CC_IRQHandler
                0x0000000008002f10                DMA2_Stream5_IRQHandler
                0x0000000008002f10                DMA1_Stream5_IRQHandler
                0x0000000008002f10                PVD_IRQHandler
                0x0000000008002f10                SDIO_IRQHandler
                0x0000000008002f10                TAMP_STAMP_IRQHandler
                0x0000000008002f10                CAN2_RX1_IRQHandler
                0x0000000008002f10                EXTI3_IRQHandler
                0x0000000008002f10                TIM8_TRG_COM_TIM14_IRQHandler
                0x0000000008002f10                TIM1_UP_TIM10_IRQHandler
                0x0000000008002f10                TIM8_UP_TIM13_IRQHandler
                0x0000000008002f10                I2C3_ER_IRQHandler
                0x0000000008002f10                EXTI0_IRQHandler
                0x0000000008002f10                I2C2_EV_IRQHandler
                0x0000000008002f10                DMA1_Stream2_IRQHandler
                0x0000000008002f10                CAN1_RX0_IRQHandler
                0x0000000008002f10                FPU_IRQHandler
                0x0000000008002f10                OTG_HS_WKUP_IRQHandler
                0x0000000008002f10                LTDC_ER_IRQHandler
                0x0000000008002f10                CAN2_SCE_IRQHandler
                0x0000000008002f10                DMA2_Stream2_IRQHandler
                0x0000000008002f10                SPI1_IRQHandler
                0x0000000008002f10                TIM6_DAC_IRQHandler
                0x0000000008002f10                TIM1_BRK_TIM9_IRQHandler
                0x0000000008002f10                DCMI_IRQHandler
                0x0000000008002f10                CAN2_RX0_IRQHandler
                0x0000000008002f10                DMA2_Stream3_IRQHandler
                0x0000000008002f10                USART6_IRQHandler
                0x0000000008002f10                CAN1_RX1_IRQHandler
                0x0000000008002f10                UART5_IRQHandler
                0x0000000008002f10                DMA2_Stream0_IRQHandler
                0x0000000008002f10                TIM4_IRQHandler
                0x0000000008002f10                I2C1_EV_IRQHandler
                0x0000000008002f10                DMA1_Stream6_IRQHandler
                0x0000000008002f10                DMA1_Stream1_IRQHandler
                0x0000000008002f10                UART4_IRQHandler
                0x0000000008002f10                RCC_IRQHandler
                0x0000000008002f10                TIM8_BRK_TIM12_IRQHandler
                0x0000000008002f10                Default_Handler
                0x0000000008002f10                ADC_IRQHandler
                0x0000000008002f10                DMA1_Stream7_IRQHandler
                0x0000000008002f10                SPI5_IRQHandler
                0x0000000008002f10                TIM7_IRQHandler
                0x0000000008002f10                CAN2_TX_IRQHandler
                0x0000000008002f10                TIM5_IRQHandler
                0x0000000008002f10                DMA2_Stream7_IRQHandler
                0x0000000008002f10                I2C3_EV_IRQHandler
                0x0000000008002f10                EXTI9_5_IRQHandler
                0x0000000008002f10                RTC_WKUP_IRQHandler
                0x0000000008002f10                LTDC_IRQHandler
                0x0000000008002f10                ETH_WKUP_IRQHandler
                0x0000000008002f10                SPI2_IRQHandler
                0x0000000008002f10                OTG_HS_EP1_IN_IRQHandler
                0x0000000008002f10                DMA1_Stream0_IRQHandler
                0x0000000008002f10                CAN1_TX_IRQHandler
                0x0000000008002f10                EXTI4_IRQHandler
                0x0000000008002f10                ETH_IRQHandler
                0x0000000008002f10                OTG_HS_EP1_OUT_IRQHandler
                0x0000000008002f10                WWDG_IRQHandler
                0x0000000008002f10                SPI6_IRQHandler
                0x0000000008002f10                TIM2_IRQHandler
                0x0000000008002f10                OTG_FS_WKUP_IRQHandler
                0x0000000008002f10                TIM1_TRG_COM_TIM11_IRQHandler
                0x0000000008002f10                OTG_HS_IRQHandler
                0x0000000008002f10                DMA2D_IRQHandler
                0x0000000008002f10                EXTI1_IRQHandler
                0x0000000008002f10                UART7_IRQHandler
                0x0000000008002f10                USART2_IRQHandler
                0x0000000008002f10                I2C2_ER_IRQHandler
                0x0000000008002f10                DMA2_Stream1_IRQHandler
                0x0000000008002f10                CAN1_SCE_IRQHandler
                0x0000000008002f10                FLASH_IRQHandler
                0x0000000008002f10                DMA2_Stream4_IRQHandler
                0x0000000008002f10                USART1_IRQHandler
                0x0000000008002f10                OTG_FS_IRQHandler
                0x0000000008002f10                SPI3_IRQHandler
                0x0000000008002f10                DMA1_Stream4_IRQHandler
                0x0000000008002f10                I2C1_ER_IRQHandler
                0x0000000008002f10                FMC_IRQHandler
                0x0000000008002f10                DMA2_Stream6_IRQHandler
                0x0000000008002f10                SAI1_IRQHandler
                0x0000000008002f10                DMA1_Stream3_IRQHandler
 *fill*         0x0000000008002f12        0x2 
 .text.HAL_Init
                0x0000000008002f14       0x44 ./Drivers/STM32F4xx_HAL_Driver/Src/stm32f4xx_hal.o
                0x0000000008002f14                HAL_Init
 .text.HAL_InitTick
                0x0000000008002f58       0x60 ./Drivers/STM32F4xx_HAL_Driver/Src/stm32f4xx_hal.o
                0x0000000008002f58                HAL_InitTick
 .text.HAL_IncTick
                0x0000000008002fb8       0x28 ./Drivers/STM32F4xx_HAL_Driver/Src/stm32f4xx_hal.o
                0x0000000008002fb8                HAL_IncTick
 .text.HAL_GetTick
                0x0000000008002fe0       0x18 ./Drivers/STM32F4xx_HAL_Driver/Src/stm32f4xx_hal.o
                0x0000000008002fe0                HAL_GetTick
 .text.HAL_Delay
                0x0000000008002ff8       0x48 ./Drivers/STM32F4xx_HAL_Driver/Src/stm32f4xx_hal.o
                0x0000000008002ff8                HAL_Delay
 .text.HAL_ADC_Init
                0x0000000008003040       0x86 ./Drivers/STM32F4xx_HAL_Driver/Src/stm32f4xx_hal_adc.o
                0x0000000008003040                HAL_ADC_Init
 *fill*         0x00000000080030c6        0x2 
 .text.HAL_ADC_Start
                0x00000000080030c8      0x1a4 ./Drivers/STM32F4xx_HAL_Driver/Src/stm32f4xx_hal_adc.o
                0x00000000080030c8                HAL_ADC_Start
 .text.HAL_ADC_Stop
                0x000000000800326c       0x66 ./Drivers/STM32F4xx_HAL_Driver/Src/stm32f4xx_hal_adc.o
                0x000000000800326c                HAL_ADC_Stop
 .text.HAL_ADC_GetValue
                0x00000000080032d2       0x1a ./Drivers/STM32F4xx_HAL_Driver/Src/stm32f4xx_hal_adc.o
                0x00000000080032d2                HAL_ADC_GetValue
 .text.HAL_ADC_ConfigChannel
                0x00000000080032ec      0x264 ./Drivers/STM32F4xx_HAL_Driver/Src/stm32f4xx_hal_adc.o
                0x00000000080032ec                HAL_ADC_ConfigChannel
 .text.ADC_Init
                0x0000000008003550      0x1f8 ./Drivers/STM32F4xx_HAL_Driver/Src/stm32f4xx_hal_adc.o
 .text.__NVIC_SetPriorityGrouping
                0x0000000008003748       0x48 ./Drivers/STM32F4xx_HAL_Driver/Src/stm32f4xx_hal_cortex.o
 .text.__NVIC_GetPriorityGrouping
                0x0000000008003790       0x1c ./Drivers/STM32F4xx_HAL_Driver/Src/stm32f4xx_hal_cortex.o
 .text.__NVIC_EnableIRQ
                0x00000000080037ac       0x3c ./Drivers/STM32F4xx_HAL_Driver/Src/stm32f4xx_hal_cortex.o
 .text.__NVIC_SetPriority
                0x00000000080037e8       0x54 ./Drivers/STM32F4xx_HAL_Driver/Src/stm32f4xx_hal_cortex.o
 .text.NVIC_EncodePriority
                0x000000000800383c       0x66 ./Drivers/STM32F4xx_HAL_Driver/Src/stm32f4xx_hal_cortex.o
 *fill*         0x00000000080038a2        0x2 
 .text.SysTick_Config
                0x00000000080038a4       0x44 ./Drivers/STM32F4xx_HAL_Driver/Src/stm32f4xx_hal_cortex.o
 .text.HAL_NVIC_SetPriorityGrouping
                0x00000000080038e8       0x16 ./Drivers/STM32F4xx_HAL_Driver/Src/stm32f4xx_hal_cortex.o
                0x00000000080038e8                HAL_NVIC_SetPriorityGrouping
 .text.HAL_NVIC_SetPriority
                0x00000000080038fe       0x38 ./Drivers/STM32F4xx_HAL_Driver/Src/stm32f4xx_hal_cortex.o
                0x00000000080038fe                HAL_NVIC_SetPriority
 .text.HAL_NVIC_EnableIRQ
                0x0000000008003936       0x1c ./Drivers/STM32F4xx_HAL_Driver/Src/stm32f4xx_hal_cortex.o
                0x0000000008003936                HAL_NVIC_EnableIRQ
 .text.HAL_SYSTICK_Config
                0x0000000008003952       0x18 ./Drivers/STM32F4xx_HAL_Driver/Src/stm32f4xx_hal_cortex.o
                0x0000000008003952                HAL_SYSTICK_Config
 .text.HAL_DMA_Abort
                0x000000000800396a       0xe0 ./Drivers/STM32F4xx_HAL_Driver/Src/stm32f4xx_hal_dma.o
                0x000000000800396a                HAL_DMA_Abort
 .text.HAL_DMA_Abort_IT
                0x0000000008003a4a       0x44 ./Drivers/STM32F4xx_HAL_Driver/Src/stm32f4xx_hal_dma.o
                0x0000000008003a4a                HAL_DMA_Abort_IT
 *fill*         0x0000000008003a8e        0x2 
 .text.HAL_FLASH_Program
                0x0000000008003a90       0xa8 ./Drivers/STM32F4xx_HAL_Driver/Src/stm32f4xx_hal_flash.o
                0x0000000008003a90                HAL_FLASH_Program
 .text.HAL_FLASH_Unlock
                0x0000000008003b38       0x44 ./Drivers/STM32F4xx_HAL_Driver/Src/stm32f4xx_hal_flash.o
                0x0000000008003b38                HAL_FLASH_Unlock
 .text.HAL_FLASH_Lock
                0x0000000008003b7c       0x20 ./Drivers/STM32F4xx_HAL_Driver/Src/stm32f4xx_hal_flash.o
                0x0000000008003b7c                HAL_FLASH_Lock
 .text.FLASH_WaitForLastOperation
                0x0000000008003b9c       0x80 ./Drivers/STM32F4xx_HAL_Driver/Src/stm32f4xx_hal_flash.o
                0x0000000008003b9c                FLASH_WaitForLastOperation
 .text.FLASH_Program_DoubleWord
                0x0000000008003c1c       0x64 ./Drivers/STM32F4xx_HAL_Driver/Src/stm32f4xx_hal_flash.o
 .text.FLASH_Program_Word
                0x0000000008003c80       0x44 ./Drivers/STM32F4xx_HAL_Driver/Src/stm32f4xx_hal_flash.o
 .text.FLASH_Program_HalfWord
                0x0000000008003cc4       0x48 ./Drivers/STM32F4xx_HAL_Driver/Src/stm32f4xx_hal_flash.o
 .text.FLASH_Program_Byte
                0x0000000008003d0c       0x44 ./Drivers/STM32F4xx_HAL_Driver/Src/stm32f4xx_hal_flash.o
 .text.FLASH_SetErrorCode
                0x0000000008003d50       0xcc ./Drivers/STM32F4xx_HAL_Driver/Src/stm32f4xx_hal_flash.o
 .text.HAL_FLASHEx_Erase
                0x0000000008003e1c       0xe4 ./Drivers/STM32F4xx_HAL_Driver/Src/stm32f4xx_hal_flash_ex.o
                0x0000000008003e1c                HAL_FLASHEx_Erase
 .text.FLASH_MassErase
                0x0000000008003f00       0x74 ./Drivers/STM32F4xx_HAL_Driver/Src/stm32f4xx_hal_flash_ex.o
 .text.FLASH_Erase_Sector
                0x0000000008003f74       0x9c ./Drivers/STM32F4xx_HAL_Driver/Src/stm32f4xx_hal_flash_ex.o
                0x0000000008003f74                FLASH_Erase_Sector
 .text.FLASH_FlushCaches
                0x0000000008004010       0x8c ./Drivers/STM32F4xx_HAL_Driver/Src/stm32f4xx_hal_flash_ex.o
                0x0000000008004010                FLASH_FlushCaches
 .text.HAL_GPIO_Init
                0x000000000800409c      0x358 ./Drivers/STM32F4xx_HAL_Driver/Src/stm32f4xx_hal_gpio.o
                0x000000000800409c                HAL_GPIO_Init
 .text.HAL_GPIO_ReadPin
                0x00000000080043f4       0x30 ./Drivers/STM32F4xx_HAL_Driver/Src/stm32f4xx_hal_gpio.o
                0x00000000080043f4                HAL_GPIO_ReadPin
 .text.HAL_GPIO_WritePin
                0x0000000008004424       0x32 ./Drivers/STM32F4xx_HAL_Driver/Src/stm32f4xx_hal_gpio.o
                0x0000000008004424                HAL_GPIO_WritePin
 *fill*         0x0000000008004456        0x2 
 .text.HAL_GPIO_EXTI_IRQHandler
                0x0000000008004458       0x30 ./Drivers/STM32F4xx_HAL_Driver/Src/stm32f4xx_hal_gpio.o
                0x0000000008004458                HAL_GPIO_EXTI_IRQHandler
 .text.HAL_I2C_Init
                0x0000000008004488      0x288 ./Drivers/STM32F4xx_HAL_Driver/Src/stm32f4xx_hal_i2c.o
                0x0000000008004488                HAL_I2C_Init
 .text.HAL_I2C_Master_Transmit
                0x0000000008004710      0x1fc ./Drivers/STM32F4xx_HAL_Driver/Src/stm32f4xx_hal_i2c.o
                0x0000000008004710                HAL_I2C_Master_Transmit
 .text.HAL_I2C_IsDeviceReady
                0x000000000800490c      0x25c ./Drivers/STM32F4xx_HAL_Driver/Src/stm32f4xx_hal_i2c.o
                0x000000000800490c                HAL_I2C_IsDeviceReady
 .text.I2C_MasterRequestWrite
                0x0000000008004b68      0x104 ./Drivers/STM32F4xx_HAL_Driver/Src/stm32f4xx_hal_i2c.o
 .text.I2C_WaitOnFlagUntilTimeout
                0x0000000008004c6c       0xae ./Drivers/STM32F4xx_HAL_Driver/Src/stm32f4xx_hal_i2c.o
 .text.I2C_WaitOnMasterAddressFlagUntilTimeout
                0x0000000008004d1a       0xfe ./Drivers/STM32F4xx_HAL_Driver/Src/stm32f4xx_hal_i2c.o
 .text.I2C_WaitOnTXEFlagUntilTimeout
                0x0000000008004e18       0x82 ./Drivers/STM32F4xx_HAL_Driver/Src/stm32f4xx_hal_i2c.o
 .text.I2C_WaitOnBTFFlagUntilTimeout
                0x0000000008004e9a       0x82 ./Drivers/STM32F4xx_HAL_Driver/Src/stm32f4xx_hal_i2c.o
 .text.I2C_IsAcknowledgeFailed
                0x0000000008004f1c       0x5e ./Drivers/STM32F4xx_HAL_Driver/Src/stm32f4xx_hal_i2c.o
 .text.HAL_I2CEx_ConfigAnalogFilter
                0x0000000008004f7a       0x78 ./Drivers/STM32F4xx_HAL_Driver/Src/stm32f4xx_hal_i2c_ex.o
                0x0000000008004f7a                HAL_I2CEx_ConfigAnalogFilter
 .text.HAL_I2CEx_ConfigDigitalFilter
                0x0000000008004ff2       0x7e ./Drivers/STM32F4xx_HAL_Driver/Src/stm32f4xx_hal_i2c_ex.o
                0x0000000008004ff2                HAL_I2CEx_ConfigDigitalFilter
 .text.HAL_PWREx_EnableOverDrive
                0x0000000008005070       0xa0 ./Drivers/STM32F4xx_HAL_Driver/Src/stm32f4xx_hal_pwr_ex.o
                0x0000000008005070                HAL_PWREx_EnableOverDrive
 .text.HAL_RCC_OscConfig
                0x0000000008005110      0x4f0 ./Drivers/STM32F4xx_HAL_Driver/Src/stm32f4xx_hal_rcc.o
                0x0000000008005110                HAL_RCC_OscConfig
 .text.HAL_RCC_ClockConfig
                0x0000000008005600      0x1cc ./Drivers/STM32F4xx_HAL_Driver/Src/stm32f4xx_hal_rcc.o
                0x0000000008005600                HAL_RCC_ClockConfig
 .text.HAL_RCC_GetSysClockFreq
                0x00000000080057cc      0x18c ./Drivers/STM32F4xx_HAL_Driver/Src/stm32f4xx_hal_rcc.o
                0x00000000080057cc                HAL_RCC_GetSysClockFreq
 .text.HAL_RCC_GetHCLKFreq
                0x0000000008005958       0x18 ./Drivers/STM32F4xx_HAL_Driver/Src/stm32f4xx_hal_rcc.o
                0x0000000008005958                HAL_RCC_GetHCLKFreq
 .text.HAL_RCC_GetPCLK1Freq
                0x0000000008005970       0x28 ./Drivers/STM32F4xx_HAL_Driver/Src/stm32f4xx_hal_rcc.o
                0x0000000008005970                HAL_RCC_GetPCLK1Freq
 .text.HAL_RCC_GetPCLK2Freq
                0x0000000008005998       0x28 ./Drivers/STM32F4xx_HAL_Driver/Src/stm32f4xx_hal_rcc.o
                0x0000000008005998                HAL_RCC_GetPCLK2Freq
 .text.HAL_RCCEx_PeriphCLKConfig
                0x00000000080059c0      0x380 ./Drivers/STM32F4xx_HAL_Driver/Src/stm32f4xx_hal_rcc_ex.o
                0x00000000080059c0                HAL_RCCEx_PeriphCLKConfig
 .text.HAL_RTC_Init
                0x0000000008005d40       0xec ./Drivers/STM32F4xx_HAL_Driver/Src/stm32f4xx_hal_rtc.o
                0x0000000008005d40                HAL_RTC_Init
 .text.HAL_RTC_SetTime
                0x0000000008005e2c      0x134 ./Drivers/STM32F4xx_HAL_Driver/Src/stm32f4xx_hal_rtc.o
                0x0000000008005e2c                HAL_RTC_SetTime
 .text.HAL_RTC_GetTime
                0x0000000008005f60       0xbc ./Drivers/STM32F4xx_HAL_Driver/Src/stm32f4xx_hal_rtc.o
                0x0000000008005f60                HAL_RTC_GetTime
 .text.HAL_RTC_SetDate
                0x000000000800601c      0x108 ./Drivers/STM32F4xx_HAL_Driver/Src/stm32f4xx_hal_rtc.o
                0x000000000800601c                HAL_RTC_SetDate
 .text.HAL_RTC_GetDate
                0x0000000008006124       0x9e ./Drivers/STM32F4xx_HAL_Driver/Src/stm32f4xx_hal_rtc.o
                0x0000000008006124                HAL_RTC_GetDate
 .text.HAL_RTC_WaitForSynchro
                0x00000000080061c2       0x50 ./Drivers/STM32F4xx_HAL_Driver/Src/stm32f4xx_hal_rtc.o
                0x00000000080061c2                HAL_RTC_WaitForSynchro
 .text.RTC_EnterInitMode
                0x0000000008006212       0x6e ./Drivers/STM32F4xx_HAL_Driver/Src/stm32f4xx_hal_rtc.o
                0x0000000008006212                RTC_EnterInitMode
 .text.RTC_ExitInitMode
                0x0000000008006280       0x4a ./Drivers/STM32F4xx_HAL_Driver/Src/stm32f4xx_hal_rtc.o
                0x0000000008006280                RTC_ExitInitMode
 .text.RTC_ByteToBcd2
                0x00000000080062ca       0x3a ./Drivers/STM32F4xx_HAL_Driver/Src/stm32f4xx_hal_rtc.o
                0x00000000080062ca                RTC_ByteToBcd2
 .text.RTC_Bcd2ToByte
                0x0000000008006304       0x38 ./Drivers/STM32F4xx_HAL_Driver/Src/stm32f4xx_hal_rtc.o
                0x0000000008006304                RTC_Bcd2ToByte
 .text.HAL_TIM_Base_Init
                0x000000000800633c       0x9e ./Drivers/STM32F4xx_HAL_Driver/Src/stm32f4xx_hal_tim.o
                0x000000000800633c                HAL_TIM_Base_Init
 *fill*         0x00000000080063da        0x2 
 .text.HAL_TIM_Base_Start_IT
                0x00000000080063dc       0xe0 ./Drivers/STM32F4xx_HAL_Driver/Src/stm32f4xx_hal_tim.o
                0x00000000080063dc                HAL_TIM_Base_Start_IT
 .text.HAL_TIM_PWM_Init
                0x00000000080064bc       0x9e ./Drivers/STM32F4xx_HAL_Driver/Src/stm32f4xx_hal_tim.o
                0x00000000080064bc                HAL_TIM_PWM_Init
 .text.HAL_TIM_PWM_MspInit
                0x000000000800655a       0x14 ./Drivers/STM32F4xx_HAL_Driver/Src/stm32f4xx_hal_tim.o
                0x000000000800655a                HAL_TIM_PWM_MspInit
 *fill*         0x000000000800656e        0x2 
 .text.HAL_TIM_PWM_Start
                0x0000000008006570      0x190 ./Drivers/STM32F4xx_HAL_Driver/Src/stm32f4xx_hal_tim.o
                0x0000000008006570                HAL_TIM_PWM_Start
 .text.HAL_TIM_PWM_Stop
                0x0000000008006700       0xe0 ./Drivers/STM32F4xx_HAL_Driver/Src/stm32f4xx_hal_tim.o
                0x0000000008006700                HAL_TIM_PWM_Stop
 .text.HAL_TIM_IRQHandler
                0x00000000080067e0      0x210 ./Drivers/STM32F4xx_HAL_Driver/Src/stm32f4xx_hal_tim.o
                0x00000000080067e0                HAL_TIM_IRQHandler
 .text.HAL_TIM_PWM_ConfigChannel
                0x00000000080069f0      0x184 ./Drivers/STM32F4xx_HAL_Driver/Src/stm32f4xx_hal_tim.o
                0x00000000080069f0                HAL_TIM_PWM_ConfigChannel
 .text.HAL_TIM_ConfigClockSource
                0x0000000008006b74      0x18e ./Drivers/STM32F4xx_HAL_Driver/Src/stm32f4xx_hal_tim.o
                0x0000000008006b74                HAL_TIM_ConfigClockSource
 .text.HAL_TIM_OC_DelayElapsedCallback
                0x0000000008006d02       0x14 ./Drivers/STM32F4xx_HAL_Driver/Src/stm32f4xx_hal_tim.o
                0x0000000008006d02                HAL_TIM_OC_DelayElapsedCallback
 .text.HAL_TIM_IC_CaptureCallback
                0x0000000008006d16       0x14 ./Drivers/STM32F4xx_HAL_Driver/Src/stm32f4xx_hal_tim.o
                0x0000000008006d16                HAL_TIM_IC_CaptureCallback
 .text.HAL_TIM_PWM_PulseFinishedCallback
                0x0000000008006d2a       0x14 ./Drivers/STM32F4xx_HAL_Driver/Src/stm32f4xx_hal_tim.o
                0x0000000008006d2a                HAL_TIM_PWM_PulseFinishedCallback
 .text.HAL_TIM_TriggerCallback
                0x0000000008006d3e       0x14 ./Drivers/STM32F4xx_HAL_Driver/Src/stm32f4xx_hal_tim.o
                0x0000000008006d3e                HAL_TIM_TriggerCallback
 *fill*         0x0000000008006d52        0x2 
 .text.TIM_Base_SetConfig
                0x0000000008006d54      0x140 ./Drivers/STM32F4xx_HAL_Driver/Src/stm32f4xx_hal_tim.o
                0x0000000008006d54                TIM_Base_SetConfig
 .text.TIM_OC1_SetConfig
                0x0000000008006e94       0xe0 ./Drivers/STM32F4xx_HAL_Driver/Src/stm32f4xx_hal_tim.o
 .text.TIM_OC2_SetConfig
                0x0000000008006f74       0xec ./Drivers/STM32F4xx_HAL_Driver/Src/stm32f4xx_hal_tim.o
                0x0000000008006f74                TIM_OC2_SetConfig
 .text.TIM_OC3_SetConfig
                0x0000000008007060       0xe8 ./Drivers/STM32F4xx_HAL_Driver/Src/stm32f4xx_hal_tim.o
 .text.TIM_OC4_SetConfig
                0x0000000008007148       0xac ./Drivers/STM32F4xx_HAL_Driver/Src/stm32f4xx_hal_tim.o
 .text.TIM_TI1_ConfigInputStage
                0x00000000080071f4       0x5e ./Drivers/STM32F4xx_HAL_Driver/Src/stm32f4xx_hal_tim.o
 .text.TIM_TI2_ConfigInputStage
                0x0000000008007252       0x60 ./Drivers/STM32F4xx_HAL_Driver/Src/stm32f4xx_hal_tim.o
 .text.TIM_ITRx_SetConfig
                0x00000000080072b2       0x36 ./Drivers/STM32F4xx_HAL_Driver/Src/stm32f4xx_hal_tim.o
 .text.TIM_ETR_SetConfig
                0x00000000080072e8       0x40 ./Drivers/STM32F4xx_HAL_Driver/Src/stm32f4xx_hal_tim.o
                0x00000000080072e8                TIM_ETR_SetConfig
 .text.TIM_CCxChannelCmd
                0x0000000008007328       0x4a ./Drivers/STM32F4xx_HAL_Driver/Src/stm32f4xx_hal_tim.o
                0x0000000008007328                TIM_CCxChannelCmd
 *fill*         0x0000000008007372        0x2 
 .text.HAL_TIMEx_MasterConfigSynchronization
                0x0000000008007374       0xf8 ./Drivers/STM32F4xx_HAL_Driver/Src/stm32f4xx_hal_tim_ex.o
                0x0000000008007374                HAL_TIMEx_MasterConfigSynchronization
 .text.HAL_TIMEx_CommutCallback
                0x000000000800746c       0x14 ./Drivers/STM32F4xx_HAL_Driver/Src/stm32f4xx_hal_tim_ex.o
                0x000000000800746c                HAL_TIMEx_CommutCallback
 .text.HAL_TIMEx_BreakCallback
                0x0000000008007480       0x14 ./Drivers/STM32F4xx_HAL_Driver/Src/stm32f4xx_hal_tim_ex.o
                0x0000000008007480                HAL_TIMEx_BreakCallback
 .text.HAL_UART_Init
                0x0000000008007494       0x9a ./Drivers/STM32F4xx_HAL_Driver/Src/stm32f4xx_hal_uart.o
                0x0000000008007494                HAL_UART_Init
 .text.HAL_UART_Transmit
                0x000000000800752e      0x124 ./Drivers/STM32F4xx_HAL_Driver/Src/stm32f4xx_hal_uart.o
                0x000000000800752e                HAL_UART_Transmit
 .text.HAL_UART_Receive_IT
                0x0000000008007652       0x60 ./Drivers/STM32F4xx_HAL_Driver/Src/stm32f4xx_hal_uart.o
                0x0000000008007652                HAL_UART_Receive_IT
 *fill*         0x00000000080076b2        0x2 
 .text.HAL_UART_IRQHandler
                0x00000000080076b4      0x51c ./Drivers/STM32F4xx_HAL_Driver/Src/stm32f4xx_hal_uart.o
                0x00000000080076b4                HAL_UART_IRQHandler
 .text.HAL_UART_TxCpltCallback
                0x0000000008007bd0       0x14 ./Drivers/STM32F4xx_HAL_Driver/Src/stm32f4xx_hal_uart.o
                0x0000000008007bd0                HAL_UART_TxCpltCallback
 .text.HAL_UART_ErrorCallback
                0x0000000008007be4       0x14 ./Drivers/STM32F4xx_HAL_Driver/Src/stm32f4xx_hal_uart.o
                0x0000000008007be4                HAL_UART_ErrorCallback
 .text.HAL_UARTEx_RxEventCallback
                0x0000000008007bf8       0x18 ./Drivers/STM32F4xx_HAL_Driver/Src/stm32f4xx_hal_uart.o
                0x0000000008007bf8                HAL_UARTEx_RxEventCallback
 .text.UART_WaitOnFlagUntilTimeout
                0x0000000008007c10       0xdc ./Drivers/STM32F4xx_HAL_Driver/Src/stm32f4xx_hal_uart.o
 .text.UART_Start_Receive_IT
                0x0000000008007cec       0x7c ./Drivers/STM32F4xx_HAL_Driver/Src/stm32f4xx_hal_uart.o
                0x0000000008007cec                UART_Start_Receive_IT
 .text.UART_EndRxTransfer
                0x0000000008007d68       0xc6 ./Drivers/STM32F4xx_HAL_Driver/Src/stm32f4xx_hal_uart.o
 .text.UART_DMAAbortOnError
                0x0000000008007e2e       0x28 ./Drivers/STM32F4xx_HAL_Driver/Src/stm32f4xx_hal_uart.o
 .text.UART_Transmit_IT
                0x0000000008007e56       0xa0 ./Drivers/STM32F4xx_HAL_Driver/Src/stm32f4xx_hal_uart.o
 .text.UART_EndTransmit_IT
                0x0000000008007ef6       0x30 ./Drivers/STM32F4xx_HAL_Driver/Src/stm32f4xx_hal_uart.o
 .text.UART_Receive_IT
                0x0000000008007f26      0x176 ./Drivers/STM32F4xx_HAL_Driver/Src/stm32f4xx_hal_uart.o
 .text.UART_SetConfig
                0x000000000800809c      0x4e8 ./Drivers/STM32F4xx_HAL_Driver/Src/stm32f4xx_hal_uart.o
 .text.__errno  0x0000000008008584        0xc c:/st/stm32cubeide_1.9.0/stm32cubeide/plugins/com.st.stm32cube.ide.mcu.externaltools.gnu-tools-for-stm32.10.3-2021.10.win32_1.0.0.202111181127/tools/bin/../lib/gcc/arm-none-eabi/10.3.1/../../../../arm-none-eabi/lib/thumb/v7e-m+fp/hard\libc_nano.a(lib_a-errno.o)
                0x0000000008008584                __errno
 .text.__libc_init_array
                0x0000000008008590       0x48 c:/st/stm32cubeide_1.9.0/stm32cubeide/plugins/com.st.stm32cube.ide.mcu.externaltools.gnu-tools-for-stm32.10.3-2021.10.win32_1.0.0.202111181127/tools/bin/../lib/gcc/arm-none-eabi/10.3.1/../../../../arm-none-eabi/lib/thumb/v7e-m+fp/hard\libc_nano.a(lib_a-init.o)
                0x0000000008008590                __libc_init_array
 .text.memset   0x00000000080085d8       0x10 c:/st/stm32cubeide_1.9.0/stm32cubeide/plugins/com.st.stm32cube.ide.mcu.externaltools.gnu-tools-for-stm32.10.3-2021.10.win32_1.0.0.202111181127/tools/bin/../lib/gcc/arm-none-eabi/10.3.1/../../../../arm-none-eabi/lib/thumb/v7e-m+fp/hard\libc_nano.a(lib_a-memset.o)
                0x00000000080085d8                memset
 .text.printf   0x00000000080085e8       0x30 c:/st/stm32cubeide_1.9.0/stm32cubeide/plugins/com.st.stm32cube.ide.mcu.externaltools.gnu-tools-for-stm32.10.3-2021.10.win32_1.0.0.202111181127/tools/bin/../lib/gcc/arm-none-eabi/10.3.1/../../../../arm-none-eabi/lib/thumb/v7e-m+fp/hard\libc_nano.a(lib_a-printf.o)
                0x00000000080085e8                iprintf
                0x00000000080085e8                printf
 .text._puts_r  0x0000000008008618       0xdc c:/st/stm32cubeide_1.9.0/stm32cubeide/plugins/com.st.stm32cube.ide.mcu.externaltools.gnu-tools-for-stm32.10.3-2021.10.win32_1.0.0.202111181127/tools/bin/../lib/gcc/arm-none-eabi/10.3.1/../../../../arm-none-eabi/lib/thumb/v7e-m+fp/hard\libc_nano.a(lib_a-puts.o)
                0x0000000008008618                _puts_r
 .text.puts     0x00000000080086f4       0x10 c:/st/stm32cubeide_1.9.0/stm32cubeide/plugins/com.st.stm32cube.ide.mcu.externaltools.gnu-tools-for-stm32.10.3-2021.10.win32_1.0.0.202111181127/tools/bin/../lib/gcc/arm-none-eabi/10.3.1/../../../../arm-none-eabi/lib/thumb/v7e-m+fp/hard\libc_nano.a(lib_a-puts.o)
                0x00000000080086f4                puts
 .text.snprintf
                0x0000000008008704       0x68 c:/st/stm32cubeide_1.9.0/stm32cubeide/plugins/com.st.stm32cube.ide.mcu.externaltools.gnu-tools-for-stm32.10.3-2021.10.win32_1.0.0.202111181127/tools/bin/../lib/gcc/arm-none-eabi/10.3.1/../../../../arm-none-eabi/lib/thumb/v7e-m+fp/hard\libc_nano.a(lib_a-snprintf.o)
                0x0000000008008704                sniprintf
                0x0000000008008704                snprintf
 .text.sprintf  0x000000000800876c       0x40 c:/st/stm32cubeide_1.9.0/stm32cubeide/plugins/com.st.stm32cube.ide.mcu.externaltools.gnu-tools-for-stm32.10.3-2021.10.win32_1.0.0.202111181127/tools/bin/../lib/gcc/arm-none-eabi/10.3.1/../../../../arm-none-eabi/lib/thumb/v7e-m+fp/hard\libc_nano.a(lib_a-sprintf.o)
                0x000000000800876c                siprintf
                0x000000000800876c                sprintf
 .text.strstr   0x00000000080087ac       0x2c c:/st/stm32cubeide_1.9.0/stm32cubeide/plugins/com.st.stm32cube.ide.mcu.externaltools.gnu-tools-for-stm32.10.3-2021.10.win32_1.0.0.202111181127/tools/bin/../lib/gcc/arm-none-eabi/10.3.1/../../../../arm-none-eabi/lib/thumb/v7e-m+fp/hard\libc_nano.a(lib_a-strstr.o)
                0x00000000080087ac                strstr
 .text.__swbuf_r
                0x00000000080087d8       0xa4 c:/st/stm32cubeide_1.9.0/stm32cubeide/plugins/com.st.stm32cube.ide.mcu.externaltools.gnu-tools-for-stm32.10.3-2021.10.win32_1.0.0.202111181127/tools/bin/../lib/gcc/arm-none-eabi/10.3.1/../../../../arm-none-eabi/lib/thumb/v7e-m+fp/hard\libc_nano.a(lib_a-wbuf.o)
                0x00000000080087d8                __swbuf_r
 .text.__swsetup_r
                0x000000000800887c       0xdc c:/st/stm32cubeide_1.9.0/stm32cubeide/plugins/com.st.stm32cube.ide.mcu.externaltools.gnu-tools-for-stm32.10.3-2021.10.win32_1.0.0.202111181127/tools/bin/../lib/gcc/arm-none-eabi/10.3.1/../../../../arm-none-eabi/lib/thumb/v7e-m+fp/hard\libc_nano.a(lib_a-wsetup.o)
                0x000000000800887c                __swsetup_r
 .text.__sflush_r
                0x0000000008008958      0x10c c:/st/stm32cubeide_1.9.0/stm32cubeide/plugins/com.st.stm32cube.ide.mcu.externaltools.gnu-tools-for-stm32.10.3-2021.10.win32_1.0.0.202111181127/tools/bin/../lib/gcc/arm-none-eabi/10.3.1/../../../../arm-none-eabi/lib/thumb/v7e-m+fp/hard\libc_nano.a(lib_a-fflush.o)
                0x0000000008008958                __sflush_r
 .text._fflush_r
                0x0000000008008a64       0x78 c:/st/stm32cubeide_1.9.0/stm32cubeide/plugins/com.st.stm32cube.ide.mcu.externaltools.gnu-tools-for-stm32.10.3-2021.10.win32_1.0.0.202111181127/tools/bin/../lib/gcc/arm-none-eabi/10.3.1/../../../../arm-none-eabi/lib/thumb/v7e-m+fp/hard\libc_nano.a(lib_a-fflush.o)
                0x0000000008008a64                _fflush_r
 .text.std      0x0000000008008adc       0x48 c:/st/stm32cubeide_1.9.0/stm32cubeide/plugins/com.st.stm32cube.ide.mcu.externaltools.gnu-tools-for-stm32.10.3-2021.10.win32_1.0.0.202111181127/tools/bin/../lib/gcc/arm-none-eabi/10.3.1/../../../../arm-none-eabi/lib/thumb/v7e-m+fp/hard\libc_nano.a(lib_a-findfp.o)
 .text._cleanup_r
                0x0000000008008b24        0xc c:/st/stm32cubeide_1.9.0/stm32cubeide/plugins/com.st.stm32cube.ide.mcu.externaltools.gnu-tools-for-stm32.10.3-2021.10.win32_1.0.0.202111181127/tools/bin/../lib/gcc/arm-none-eabi/10.3.1/../../../../arm-none-eabi/lib/thumb/v7e-m+fp/hard\libc_nano.a(lib_a-findfp.o)
                0x0000000008008b24                _cleanup_r
 .text.__sfmoreglue
                0x0000000008008b30       0x2c c:/st/stm32cubeide_1.9.0/stm32cubeide/plugins/com.st.stm32cube.ide.mcu.externaltools.gnu-tools-for-stm32.10.3-2021.10.win32_1.0.0.202111181127/tools/bin/../lib/gcc/arm-none-eabi/10.3.1/../../../../arm-none-eabi/lib/thumb/v7e-m+fp/hard\libc_nano.a(lib_a-findfp.o)
                0x0000000008008b30                __sfmoreglue
 .text.__sfp_lock_acquire
                0x0000000008008b5c        0xc c:/st/stm32cubeide_1.9.0/stm32cubeide/plugins/com.st.stm32cube.ide.mcu.externaltools.gnu-tools-for-stm32.10.3-2021.10.win32_1.0.0.202111181127/tools/bin/../lib/gcc/arm-none-eabi/10.3.1/../../../../arm-none-eabi/lib/thumb/v7e-m+fp/hard\libc_nano.a(lib_a-findfp.o)
                0x0000000008008b5c                __sfp_lock_acquire
 .text.__sfp_lock_release
                0x0000000008008b68        0xc c:/st/stm32cubeide_1.9.0/stm32cubeide/plugins/com.st.stm32cube.ide.mcu.externaltools.gnu-tools-for-stm32.10.3-2021.10.win32_1.0.0.202111181127/tools/bin/../lib/gcc/arm-none-eabi/10.3.1/../../../../arm-none-eabi/lib/thumb/v7e-m+fp/hard\libc_nano.a(lib_a-findfp.o)
                0x0000000008008b68                __sfp_lock_release
 .text.__sinit_lock_acquire
                0x0000000008008b74        0xc c:/st/stm32cubeide_1.9.0/stm32cubeide/plugins/com.st.stm32cube.ide.mcu.externaltools.gnu-tools-for-stm32.10.3-2021.10.win32_1.0.0.202111181127/tools/bin/../lib/gcc/arm-none-eabi/10.3.1/../../../../arm-none-eabi/lib/thumb/v7e-m+fp/hard\libc_nano.a(lib_a-findfp.o)
                0x0000000008008b74                __sinit_lock_acquire
 .text.__sinit_lock_release
                0x0000000008008b80        0xc c:/st/stm32cubeide_1.9.0/stm32cubeide/plugins/com.st.stm32cube.ide.mcu.externaltools.gnu-tools-for-stm32.10.3-2021.10.win32_1.0.0.202111181127/tools/bin/../lib/gcc/arm-none-eabi/10.3.1/../../../../arm-none-eabi/lib/thumb/v7e-m+fp/hard\libc_nano.a(lib_a-findfp.o)
                0x0000000008008b80                __sinit_lock_release
 .text.__sinit  0x0000000008008b8c       0x70 c:/st/stm32cubeide_1.9.0/stm32cubeide/plugins/com.st.stm32cube.ide.mcu.externaltools.gnu-tools-for-stm32.10.3-2021.10.win32_1.0.0.202111181127/tools/bin/../lib/gcc/arm-none-eabi/10.3.1/../../../../arm-none-eabi/lib/thumb/v7e-m+fp/hard\libc_nano.a(lib_a-findfp.o)
                0x0000000008008b8c                __sinit
 .text.__sfp    0x0000000008008bfc       0x8c c:/st/stm32cubeide_1.9.0/stm32cubeide/plugins/com.st.stm32cube.ide.mcu.externaltools.gnu-tools-for-stm32.10.3-2021.10.win32_1.0.0.202111181127/tools/bin/../lib/gcc/arm-none-eabi/10.3.1/../../../../arm-none-eabi/lib/thumb/v7e-m+fp/hard\libc_nano.a(lib_a-findfp.o)
                0x0000000008008bfc                __sfp
 .text._fwalk_reent
                0x0000000008008c88       0x3e c:/st/stm32cubeide_1.9.0/stm32cubeide/plugins/com.st.stm32cube.ide.mcu.externaltools.gnu-tools-for-stm32.10.3-2021.10.win32_1.0.0.202111181127/tools/bin/../lib/gcc/arm-none-eabi/10.3.1/../../../../arm-none-eabi/lib/thumb/v7e-m+fp/hard\libc_nano.a(lib_a-fwalk.o)
                0x0000000008008c88                _fwalk_reent
 .text.__retarget_lock_init_recursive
                0x0000000008008cc6        0x2 c:/st/stm32cubeide_1.9.0/stm32cubeide/plugins/com.st.stm32cube.ide.mcu.externaltools.gnu-tools-for-stm32.10.3-2021.10.win32_1.0.0.202111181127/tools/bin/../lib/gcc/arm-none-eabi/10.3.1/../../../../arm-none-eabi/lib/thumb/v7e-m+fp/hard\libc_nano.a(lib_a-lock.o)
                0x0000000008008cc6                __retarget_lock_init_recursive
 .text.__retarget_lock_acquire_recursive
                0x0000000008008cc8        0x2 c:/st/stm32cubeide_1.9.0/stm32cubeide/plugins/com.st.stm32cube.ide.mcu.externaltools.gnu-tools-for-stm32.10.3-2021.10.win32_1.0.0.202111181127/tools/bin/../lib/gcc/arm-none-eabi/10.3.1/../../../../arm-none-eabi/lib/thumb/v7e-m+fp/hard\libc_nano.a(lib_a-lock.o)
                0x0000000008008cc8                __retarget_lock_acquire_recursive
 .text.__retarget_lock_release_recursive
                0x0000000008008cca        0x2 c:/st/stm32cubeide_1.9.0/stm32cubeide/plugins/com.st.stm32cube.ide.mcu.externaltools.gnu-tools-for-stm32.10.3-2021.10.win32_1.0.0.202111181127/tools/bin/../lib/gcc/arm-none-eabi/10.3.1/../../../../arm-none-eabi/lib/thumb/v7e-m+fp/hard\libc_nano.a(lib_a-lock.o)
                0x0000000008008cca                __retarget_lock_release_recursive
 .text.__swhatbuf_r
                0x0000000008008ccc       0x4a c:/st/stm32cubeide_1.9.0/stm32cubeide/plugins/com.st.stm32cube.ide.mcu.externaltools.gnu-tools-for-stm32.10.3-2021.10.win32_1.0.0.202111181127/tools/bin/../lib/gcc/arm-none-eabi/10.3.1/../../../../arm-none-eabi/lib/thumb/v7e-m+fp/hard\libc_nano.a(lib_a-makebuf.o)
                0x0000000008008ccc                __swhatbuf_r
 *fill*         0x0000000008008d16        0x2 
 .text.__smakebuf_r
                0x0000000008008d18       0x80 c:/st/stm32cubeide_1.9.0/stm32cubeide/plugins/com.st.stm32cube.ide.mcu.externaltools.gnu-tools-for-stm32.10.3-2021.10.win32_1.0.0.202111181127/tools/bin/../lib/gcc/arm-none-eabi/10.3.1/../../../../arm-none-eabi/lib/thumb/v7e-m+fp/hard\libc_nano.a(lib_a-makebuf.o)
                0x0000000008008d18                __smakebuf_r
 .text._free_r  0x0000000008008d98       0x98 c:/st/stm32cubeide_1.9.0/stm32cubeide/plugins/com.st.stm32cube.ide.mcu.externaltools.gnu-tools-for-stm32.10.3-2021.10.win32_1.0.0.202111181127/tools/bin/../lib/gcc/arm-none-eabi/10.3.1/../../../../arm-none-eabi/lib/thumb/v7e-m+fp/hard\libc_nano.a(lib_a-nano-freer.o)
                0x0000000008008d98                _free_r
 .text.sbrk_aligned
                0x0000000008008e30       0x40 c:/st/stm32cubeide_1.9.0/stm32cubeide/plugins/com.st.stm32cube.ide.mcu.externaltools.gnu-tools-for-stm32.10.3-2021.10.win32_1.0.0.202111181127/tools/bin/../lib/gcc/arm-none-eabi/10.3.1/../../../../arm-none-eabi/lib/thumb/v7e-m+fp/hard\libc_nano.a(lib_a-nano-mallocr.o)
 .text._malloc_r
                0x0000000008008e70       0xe8 c:/st/stm32cubeide_1.9.0/stm32cubeide/plugins/com.st.stm32cube.ide.mcu.externaltools.gnu-tools-for-stm32.10.3-2021.10.win32_1.0.0.202111181127/tools/bin/../lib/gcc/arm-none-eabi/10.3.1/../../../../arm-none-eabi/lib/thumb/v7e-m+fp/hard\libc_nano.a(lib_a-nano-mallocr.o)
                0x0000000008008e70                _malloc_r
 .text.__ssputs_r
                0x0000000008008f58       0xb6 c:/st/stm32cubeide_1.9.0/stm32cubeide/plugins/com.st.stm32cube.ide.mcu.externaltools.gnu-tools-for-stm32.10.3-2021.10.win32_1.0.0.202111181127/tools/bin/../lib/gcc/arm-none-eabi/10.3.1/../../../../arm-none-eabi/lib/thumb/v7e-m+fp/hard\libc_nano.a(lib_a-nano-svfprintf.o)
                0x0000000008008f58                __ssputs_r
 *fill*         0x000000000800900e        0x2 
 .text._svfprintf_r
                0x0000000008009010      0x200 c:/st/stm32cubeide_1.9.0/stm32cubeide/plugins/com.st.stm32cube.ide.mcu.externaltools.gnu-tools-for-stm32.10.3-2021.10.win32_1.0.0.202111181127/tools/bin/../lib/gcc/arm-none-eabi/10.3.1/../../../../arm-none-eabi/lib/thumb/v7e-m+fp/hard\libc_nano.a(lib_a-nano-svfprintf.o)
                0x0000000008009010                _svfiprintf_r
                0x0000000008009010                _svfprintf_r
 .text.__sfputc_r
                0x0000000008009210       0x2e c:/st/stm32cubeide_1.9.0/stm32cubeide/plugins/com.st.stm32cube.ide.mcu.externaltools.gnu-tools-for-stm32.10.3-2021.10.win32_1.0.0.202111181127/tools/bin/../lib/gcc/arm-none-eabi/10.3.1/../../../../arm-none-eabi/lib/thumb/v7e-m+fp/hard\libc_nano.a(lib_a-nano-vfprintf.o)
 .text.__sfputs_r
                0x000000000800923e       0x24 c:/st/stm32cubeide_1.9.0/stm32cubeide/plugins/com.st.stm32cube.ide.mcu.externaltools.gnu-tools-for-stm32.10.3-2021.10.win32_1.0.0.202111181127/tools/bin/../lib/gcc/arm-none-eabi/10.3.1/../../../../arm-none-eabi/lib/thumb/v7e-m+fp/hard\libc_nano.a(lib_a-nano-vfprintf.o)
                0x000000000800923e                __sfputs_r
 *fill*         0x0000000008009262        0x2 
 .text._vfprintf_r
                0x0000000008009264      0x260 c:/st/stm32cubeide_1.9.0/stm32cubeide/plugins/com.st.stm32cube.ide.mcu.externaltools.gnu-tools-for-stm32.10.3-2021.10.win32_1.0.0.202111181127/tools/bin/../lib/gcc/arm-none-eabi/10.3.1/../../../../arm-none-eabi/lib/thumb/v7e-m+fp/hard\libc_nano.a(lib_a-nano-vfprintf.o)
                0x0000000008009264                _vfprintf_r
                0x0000000008009264                _vfiprintf_r
 .text._printf_common
                0x00000000080094c4       0xda c:/st/stm32cubeide_1.9.0/stm32cubeide/plugins/com.st.stm32cube.ide.mcu.externaltools.gnu-tools-for-stm32.10.3-2021.10.win32_1.0.0.202111181127/tools/bin/../lib/gcc/arm-none-eabi/10.3.1/../../../../arm-none-eabi/lib/thumb/v7e-m+fp/hard\libc_nano.a(lib_a-nano-vfprintf_i.o)
                0x00000000080094c4                _printf_common
 *fill*         0x000000000800959e        0x2 
 .text._printf_i
                0x00000000080095a0      0x24c c:/st/stm32cubeide_1.9.0/stm32cubeide/plugins/com.st.stm32cube.ide.mcu.externaltools.gnu-tools-for-stm32.10.3-2021.10.win32_1.0.0.202111181127/tools/bin/../lib/gcc/arm-none-eabi/10.3.1/../../../../arm-none-eabi/lib/thumb/v7e-m+fp/hard\libc_nano.a(lib_a-nano-vfprintf_i.o)
                0x00000000080095a0                _printf_i
 .text._sbrk_r  0x00000000080097ec       0x20 c:/st/stm32cubeide_1.9.0/stm32cubeide/plugins/com.st.stm32cube.ide.mcu.externaltools.gnu-tools-for-stm32.10.3-2021.10.win32_1.0.0.202111181127/tools/bin/../lib/gcc/arm-none-eabi/10.3.1/../../../../arm-none-eabi/lib/thumb/v7e-m+fp/hard\libc_nano.a(lib_a-sbrkr.o)
                0x00000000080097ec                _sbrk_r
 .text.__sread  0x000000000800980c       0x22 c:/st/stm32cubeide_1.9.0/stm32cubeide/plugins/com.st.stm32cube.ide.mcu.externaltools.gnu-tools-for-stm32.10.3-2021.10.win32_1.0.0.202111181127/tools/bin/../lib/gcc/arm-none-eabi/10.3.1/../../../../arm-none-eabi/lib/thumb/v7e-m+fp/hard\libc_nano.a(lib_a-stdio.o)
                0x000000000800980c                __sread
 .text.__swrite
                0x000000000800982e       0x38 c:/st/stm32cubeide_1.9.0/stm32cubeide/plugins/com.st.stm32cube.ide.mcu.externaltools.gnu-tools-for-stm32.10.3-2021.10.win32_1.0.0.202111181127/tools/bin/../lib/gcc/arm-none-eabi/10.3.1/../../../../arm-none-eabi/lib/thumb/v7e-m+fp/hard\libc_nano.a(lib_a-stdio.o)
                0x000000000800982e                __swrite
 .text.__sseek  0x0000000008009866       0x24 c:/st/stm32cubeide_1.9.0/stm32cubeide/plugins/com.st.stm32cube.ide.mcu.externaltools.gnu-tools-for-stm32.10.3-2021.10.win32_1.0.0.202111181127/tools/bin/../lib/gcc/arm-none-eabi/10.3.1/../../../../arm-none-eabi/lib/thumb/v7e-m+fp/hard\libc_nano.a(lib_a-stdio.o)
                0x0000000008009866                __sseek
 .text.__sclose
                0x000000000800988a        0x8 c:/st/stm32cubeide_1.9.0/stm32cubeide/plugins/com.st.stm32cube.ide.mcu.externaltools.gnu-tools-for-stm32.10.3-2021.10.win32_1.0.0.202111181127/tools/bin/../lib/gcc/arm-none-eabi/10.3.1/../../../../arm-none-eabi/lib/thumb/v7e-m+fp/hard\libc_nano.a(lib_a-stdio.o)
                0x000000000800988a                __sclose
 *fill*         0x0000000008009892        0x2 
 .text._write_r
                0x0000000008009894       0x24 c:/st/stm32cubeide_1.9.0/stm32cubeide/plugins/com.st.stm32cube.ide.mcu.externaltools.gnu-tools-for-stm32.10.3-2021.10.win32_1.0.0.202111181127/tools/bin/../lib/gcc/arm-none-eabi/10.3.1/../../../../arm-none-eabi/lib/thumb/v7e-m+fp/hard\libc_nano.a(lib_a-writer.o)
                0x0000000008009894                _write_r
 .text._close_r
                0x00000000080098b8       0x20 c:/st/stm32cubeide_1.9.0/stm32cubeide/plugins/com.st.stm32cube.ide.mcu.externaltools.gnu-tools-for-stm32.10.3-2021.10.win32_1.0.0.202111181127/tools/bin/../lib/gcc/arm-none-eabi/10.3.1/../../../../arm-none-eabi/lib/thumb/v7e-m+fp/hard\libc_nano.a(lib_a-closer.o)
                0x00000000080098b8                _close_r
 .text._fstat_r
                0x00000000080098d8       0x24 c:/st/stm32cubeide_1.9.0/stm32cubeide/plugins/com.st.stm32cube.ide.mcu.externaltools.gnu-tools-for-stm32.10.3-2021.10.win32_1.0.0.202111181127/tools/bin/../lib/gcc/arm-none-eabi/10.3.1/../../../../arm-none-eabi/lib/thumb/v7e-m+fp/hard\libc_nano.a(lib_a-fstatr.o)
                0x00000000080098d8                _fstat_r
 .text._isatty_r
                0x00000000080098fc       0x20 c:/st/stm32cubeide_1.9.0/stm32cubeide/plugins/com.st.stm32cube.ide.mcu.externaltools.gnu-tools-for-stm32.10.3-2021.10.win32_1.0.0.202111181127/tools/bin/../lib/gcc/arm-none-eabi/10.3.1/../../../../arm-none-eabi/lib/thumb/v7e-m+fp/hard\libc_nano.a(lib_a-isattyr.o)
                0x00000000080098fc                _isatty_r
 .text._lseek_r
                0x000000000800991c       0x24 c:/st/stm32cubeide_1.9.0/stm32cubeide/plugins/com.st.stm32cube.ide.mcu.externaltools.gnu-tools-for-stm32.10.3-2021.10.win32_1.0.0.202111181127/tools/bin/../lib/gcc/arm-none-eabi/10.3.1/../../../../arm-none-eabi/lib/thumb/v7e-m+fp/hard\libc_nano.a(lib_a-lseekr.o)
                0x000000000800991c                _lseek_r
 .text.memcpy   0x0000000008009940       0x1c c:/st/stm32cubeide_1.9.0/stm32cubeide/plugins/com.st.stm32cube.ide.mcu.externaltools.gnu-tools-for-stm32.10.3-2021.10.win32_1.0.0.202111181127/tools/bin/../lib/gcc/arm-none-eabi/10.3.1/../../../../arm-none-eabi/lib/thumb/v7e-m+fp/hard\libc_nano.a(lib_a-memcpy-stub.o)
                0x0000000008009940                memcpy
 .text.memmove  0x000000000800995c       0x34 c:/st/stm32cubeide_1.9.0/stm32cubeide/plugins/com.st.stm32cube.ide.mcu.externaltools.gnu-tools-for-stm32.10.3-2021.10.win32_1.0.0.202111181127/tools/bin/../lib/gcc/arm-none-eabi/10.3.1/../../../../arm-none-eabi/lib/thumb/v7e-m+fp/hard\libc_nano.a(lib_a-memmove.o)
                0x000000000800995c                memmove
 .text.__malloc_lock
                0x0000000008009990        0xc c:/st/stm32cubeide_1.9.0/stm32cubeide/plugins/com.st.stm32cube.ide.mcu.externaltools.gnu-tools-for-stm32.10.3-2021.10.win32_1.0.0.202111181127/tools/bin/../lib/gcc/arm-none-eabi/10.3.1/../../../../arm-none-eabi/lib/thumb/v7e-m+fp/hard\libc_nano.a(lib_a-mlock.o)
                0x0000000008009990                __malloc_lock
 .text.__malloc_unlock
                0x000000000800999c        0xc c:/st/stm32cubeide_1.9.0/stm32cubeide/plugins/com.st.stm32cube.ide.mcu.externaltools.gnu-tools-for-stm32.10.3-2021.10.win32_1.0.0.202111181127/tools/bin/../lib/gcc/arm-none-eabi/10.3.1/../../../../arm-none-eabi/lib/thumb/v7e-m+fp/hard\libc_nano.a(lib_a-mlock.o)
                0x000000000800999c                __malloc_unlock
 .text._realloc_r
                0x00000000080099a8       0x5e c:/st/stm32cubeide_1.9.0/stm32cubeide/plugins/com.st.stm32cube.ide.mcu.externaltools.gnu-tools-for-stm32.10.3-2021.10.win32_1.0.0.202111181127/tools/bin/../lib/gcc/arm-none-eabi/10.3.1/../../../../arm-none-eabi/lib/thumb/v7e-m+fp/hard\libc_nano.a(lib_a-nano-reallocr.o)
                0x00000000080099a8                _realloc_r
 *fill*         0x0000000008009a06        0x2 
 .text._read_r  0x0000000008009a08       0x24 c:/st/stm32cubeide_1.9.0/stm32cubeide/plugins/com.st.stm32cube.ide.mcu.externaltools.gnu-tools-for-stm32.10.3-2021.10.win32_1.0.0.202111181127/tools/bin/../lib/gcc/arm-none-eabi/10.3.1/../../../../arm-none-eabi/lib/thumb/v7e-m+fp/hard\libc_nano.a(lib_a-readr.o)
                0x0000000008009a08                _read_r
 .text._malloc_usable_size_r
                0x0000000008009a2c       0x10 c:/st/stm32cubeide_1.9.0/stm32cubeide/plugins/com.st.stm32cube.ide.mcu.externaltools.gnu-tools-for-stm32.10.3-2021.10.win32_1.0.0.202111181127/tools/bin/../lib/gcc/arm-none-eabi/10.3.1/../../../../arm-none-eabi/lib/thumb/v7e-m+fp/hard\libc_nano.a(lib_a-nano-msizer.o)
                0x0000000008009a2c                _malloc_usable_size_r
 *(.glue_7)
 .glue_7        0x0000000008009a3c        0x0 linker stubs
 *(.glue_7t)
 .glue_7t       0x0000000008009a3c        0x0 linker stubs
 *(.eh_frame)
 .eh_frame      0x0000000008009a3c        0x0 c:/st/stm32cubeide_1.9.0/stm32cubeide/plugins/com.st.stm32cube.ide.mcu.externaltools.gnu-tools-for-stm32.10.3-2021.10.win32_1.0.0.202111181127/tools/bin/../lib/gcc/arm-none-eabi/10.3.1/thumb/v7e-m+fp/hard/crtbegin.o
 *(.init)
 .init          0x0000000008009a3c        0x4 c:/st/stm32cubeide_1.9.0/stm32cubeide/plugins/com.st.stm32cube.ide.mcu.externaltools.gnu-tools-for-stm32.10.3-2021.10.win32_1.0.0.202111181127/tools/bin/../lib/gcc/arm-none-eabi/10.3.1/thumb/v7e-m+fp/hard/crti.o
                0x0000000008009a3c                _init
 .init          0x0000000008009a40        0x8 c:/st/stm32cubeide_1.9.0/stm32cubeide/plugins/com.st.stm32cube.ide.mcu.externaltools.gnu-tools-for-stm32.10.3-2021.10.win32_1.0.0.202111181127/tools/bin/../lib/gcc/arm-none-eabi/10.3.1/thumb/v7e-m+fp/hard/crtn.o
 *(.fini)
 .fini          0x0000000008009a48        0x4 c:/st/stm32cubeide_1.9.0/stm32cubeide/plugins/com.st.stm32cube.ide.mcu.externaltools.gnu-tools-for-stm32.10.3-2021.10.win32_1.0.0.202111181127/tools/bin/../lib/gcc/arm-none-eabi/10.3.1/thumb/v7e-m+fp/hard/crti.o
                0x0000000008009a48                _fini
 .fini          0x0000000008009a4c        0x8 c:/st/stm32cubeide_1.9.0/stm32cubeide/plugins/com.st.stm32cube.ide.mcu.externaltools.gnu-tools-for-stm32.10.3-2021.10.win32_1.0.0.202111181127/tools/bin/../lib/gcc/arm-none-eabi/10.3.1/thumb/v7e-m+fp/hard/crtn.o
                0x0000000008009a54                . = ALIGN (0x4)
                0x0000000008009a54                _etext = .

.vfp11_veneer   0x0000000008009a54        0x0
 .vfp11_veneer  0x0000000008009a54        0x0 linker stubs

.v4_bx          0x0000000008009a54        0x0
 .v4_bx         0x0000000008009a54        0x0 linker stubs

.iplt           0x0000000008009a54        0x0
 .iplt          0x0000000008009a54        0x0 c:/st/stm32cubeide_1.9.0/stm32cubeide/plugins/com.st.stm32cube.ide.mcu.externaltools.gnu-tools-for-stm32.10.3-2021.10.win32_1.0.0.202111181127/tools/bin/../lib/gcc/arm-none-eabi/10.3.1/thumb/v7e-m+fp/hard/crtbegin.o

.rodata         0x0000000008009a54      0x1f4
                0x0000000008009a54                . = ALIGN (0x4)
 *(.rodata)
 .rodata        0x0000000008009a54      0x144 ./Core/Src/main.o
 *(.rodata*)
 .rodata.AHBPrescTable
                0x0000000008009b98       0x10 ./Core/Src/system_stm32f4xx.o
                0x0000000008009b98                AHBPrescTable
 .rodata.APBPrescTable
                0x0000000008009ba8        0x8 ./Core/Src/system_stm32f4xx.o
                0x0000000008009ba8                APBPrescTable
 .rodata._global_impure_ptr
                0x0000000008009bb0        0x4 c:/st/stm32cubeide_1.9.0/stm32cubeide/plugins/com.st.stm32cube.ide.mcu.externaltools.gnu-tools-for-stm32.10.3-2021.10.win32_1.0.0.202111181127/tools/bin/../lib/gcc/arm-none-eabi/10.3.1/../../../../arm-none-eabi/lib/thumb/v7e-m+fp/hard\libc_nano.a(lib_a-impure.o)
                0x0000000008009bb0                _global_impure_ptr
 .rodata.__sf_fake_stderr
                0x0000000008009bb4       0x20 c:/st/stm32cubeide_1.9.0/stm32cubeide/plugins/com.st.stm32cube.ide.mcu.externaltools.gnu-tools-for-stm32.10.3-2021.10.win32_1.0.0.202111181127/tools/bin/../lib/gcc/arm-none-eabi/10.3.1/../../../../arm-none-eabi/lib/thumb/v7e-m+fp/hard\libc_nano.a(lib_a-findfp.o)
                0x0000000008009bb4                __sf_fake_stderr
 .rodata.__sf_fake_stdin
                0x0000000008009bd4       0x20 c:/st/stm32cubeide_1.9.0/stm32cubeide/plugins/com.st.stm32cube.ide.mcu.externaltools.gnu-tools-for-stm32.10.3-2021.10.win32_1.0.0.202111181127/tools/bin/../lib/gcc/arm-none-eabi/10.3.1/../../../../arm-none-eabi/lib/thumb/v7e-m+fp/hard\libc_nano.a(lib_a-findfp.o)
                0x0000000008009bd4                __sf_fake_stdin
 .rodata.__sf_fake_stdout
                0x0000000008009bf4       0x20 c:/st/stm32cubeide_1.9.0/stm32cubeide/plugins/com.st.stm32cube.ide.mcu.externaltools.gnu-tools-for-stm32.10.3-2021.10.win32_1.0.0.202111181127/tools/bin/../lib/gcc/arm-none-eabi/10.3.1/../../../../arm-none-eabi/lib/thumb/v7e-m+fp/hard\libc_nano.a(lib_a-findfp.o)
                0x0000000008009bf4                __sf_fake_stdout
 .rodata._svfprintf_r.str1.1
                0x0000000008009c14       0x11 c:/st/stm32cubeide_1.9.0/stm32cubeide/plugins/com.st.stm32cube.ide.mcu.externaltools.gnu-tools-for-stm32.10.3-2021.10.win32_1.0.0.202111181127/tools/bin/../lib/gcc/arm-none-eabi/10.3.1/../../../../arm-none-eabi/lib/thumb/v7e-m+fp/hard\libc_nano.a(lib_a-nano-svfprintf.o)
 .rodata._vfprintf_r.str1.1
                0x0000000008009c25       0x11 c:/st/stm32cubeide_1.9.0/stm32cubeide/plugins/com.st.stm32cube.ide.mcu.externaltools.gnu-tools-for-stm32.10.3-2021.10.win32_1.0.0.202111181127/tools/bin/../lib/gcc/arm-none-eabi/10.3.1/../../../../arm-none-eabi/lib/thumb/v7e-m+fp/hard\libc_nano.a(lib_a-nano-vfprintf.o)
 .rodata._printf_i.str1.1
                0x0000000008009c25       0x22 c:/st/stm32cubeide_1.9.0/stm32cubeide/plugins/com.st.stm32cube.ide.mcu.externaltools.gnu-tools-for-stm32.10.3-2021.10.win32_1.0.0.202111181127/tools/bin/../lib/gcc/arm-none-eabi/10.3.1/../../../../arm-none-eabi/lib/thumb/v7e-m+fp/hard\libc_nano.a(lib_a-nano-vfprintf_i.o)
                0x0000000008009c48                . = ALIGN (0x4)
 *fill*         0x0000000008009c47        0x1 

.ARM.extab      0x0000000008009c48        0x0
                0x0000000008009c48                . = ALIGN (0x4)
 *(.ARM.extab* .gnu.linkonce.armextab.*)
                0x0000000008009c48                . = ALIGN (0x4)

.ARM            0x0000000008009c48        0x8
                0x0000000008009c48                . = ALIGN (0x4)
                0x0000000008009c48                __exidx_start = .
 *(.ARM.exidx*)
 .ARM.exidx     0x0000000008009c48        0x8 c:/st/stm32cubeide_1.9.0/stm32cubeide/plugins/com.st.stm32cube.ide.mcu.externaltools.gnu-tools-for-stm32.10.3-2021.10.win32_1.0.0.202111181127/tools/bin/../lib/gcc/arm-none-eabi/10.3.1/thumb/v7e-m+fp/hard\libgcc.a(_udivmoddi4.o)
                0x0000000008009c50                __exidx_end = .
                0x0000000008009c50                . = ALIGN (0x4)

.rel.dyn        0x0000000008009c50        0x0
 .rel.iplt      0x0000000008009c50        0x0 c:/st/stm32cubeide_1.9.0/stm32cubeide/plugins/com.st.stm32cube.ide.mcu.externaltools.gnu-tools-for-stm32.10.3-2021.10.win32_1.0.0.202111181127/tools/bin/../lib/gcc/arm-none-eabi/10.3.1/thumb/v7e-m+fp/hard/crtbegin.o

.preinit_array  0x0000000008009c50        0x0
                0x0000000008009c50                . = ALIGN (0x4)
                0x0000000008009c50                PROVIDE (__preinit_array_start = .)
 *(.preinit_array*)
                0x0000000008009c50                PROVIDE (__preinit_array_end = .)
                0x0000000008009c50                . = ALIGN (0x4)

.init_array     0x0000000008009c50        0x4
                0x0000000008009c50                . = ALIGN (0x4)
                0x0000000008009c50                PROVIDE (__init_array_start = .)
 *(SORT_BY_NAME(.init_array.*))
 *(.init_array*)
 .init_array    0x0000000008009c50        0x4 c:/st/stm32cubeide_1.9.0/stm32cubeide/plugins/com.st.stm32cube.ide.mcu.externaltools.gnu-tools-for-stm32.10.3-2021.10.win32_1.0.0.202111181127/tools/bin/../lib/gcc/arm-none-eabi/10.3.1/thumb/v7e-m+fp/hard/crtbegin.o
                0x0000000008009c54                PROVIDE (__init_array_end = .)
                0x0000000008009c54                . = ALIGN (0x4)

.fini_array     0x0000000008009c54        0x4
                0x0000000008009c54                . = ALIGN (0x4)
                [!provide]                        PROVIDE (__fini_array_start = .)
 *(SORT_BY_NAME(.fini_array.*))
 *(.fini_array*)
 .fini_array    0x0000000008009c54        0x4 c:/st/stm32cubeide_1.9.0/stm32cubeide/plugins/com.st.stm32cube.ide.mcu.externaltools.gnu-tools-for-stm32.10.3-2021.10.win32_1.0.0.202111181127/tools/bin/../lib/gcc/arm-none-eabi/10.3.1/thumb/v7e-m+fp/hard/crtbegin.o
                [!provide]                        PROVIDE (__fini_array_end = .)
                0x0000000008009c58                . = ALIGN (0x4)
                0x0000000008009c58                _sidata = LOADADDR (.data)

.data           0x0000000020000000      0x2c4 load address 0x0000000008009c58
                0x0000000020000000                . = ALIGN (0x4)
                0x0000000020000000                _sdata = .
 *(.data)
 *(.data*)
 .data.alarmMode
                0x0000000020000000        0x4 ./Core/Src/main.o
                0x0000000020000000                alarmMode
 .data.ampm     0x0000000020000004        0x6 ./Core/Src/main.o
                0x0000000020000004                ampm
 *fill*         0x000000002000000a        0x2 
 .data.alarmSet
                0x000000002000000c        0x8 ./Core/Src/main.o
                0x000000002000000c                alarmSet
 .data.alarmOnOff
                0x0000000020000014        0x4 ./Core/Src/main.o
                0x0000000020000014                alarmOnOff
 .data.bicycle  0x0000000020000018       0x1c ./Core/Src/main.o
                0x0000000020000018                bicycle
 .data.interval
                0x0000000020000034       0x1c ./Core/Src/main.o
                0x0000000020000034                interval
 .data.mute     0x0000000020000050       0x1c ./Core/Src/main.o
                0x0000000020000050                mute
 .data.bicycle_2
                0x000000002000006c       0x1c ./Core/Src/main.o
                0x000000002000006c                bicycle_2
 .data.interval_2
                0x0000000020000088       0x1c ./Core/Src/main.o
                0x0000000020000088                interval_2
 .data.mute_2   0x00000000200000a4       0x1c ./Core/Src/main.o
                0x00000000200000a4                mute_2
 .data.bicycle_3
                0x00000000200000c0       0x1c ./Core/Src/main.o
                0x00000000200000c0                bicycle_3
 .data.interval_3
                0x00000000200000dc       0x1c ./Core/Src/main.o
                0x00000000200000dc                interval_3
 .data.mute_3   0x00000000200000f8       0x1e ./Core/Src/main.o
                0x00000000200000f8                mute_3
 *fill*         0x0000000020000116        0x2 
 .data.bicycle_4
                0x0000000020000118       0x1c ./Core/Src/main.o
                0x0000000020000118                bicycle_4
 .data.interval_4
                0x0000000020000134       0x1c ./Core/Src/main.o
                0x0000000020000134                interval_4
 .data.mute_4   0x0000000020000150       0x1c ./Core/Src/main.o
                0x0000000020000150                mute_4
 .data.bell_length
                0x000000002000016c        0x1 ./Core/Src/main.o
                0x000000002000016c                bell_length
 .data.bell_length_2
                0x000000002000016d        0x1 ./Core/Src/main.o
                0x000000002000016d                bell_length_2
 .data.bell_length_3
                0x000000002000016e        0x1 ./Core/Src/main.o
                0x000000002000016e                bell_length_3
 .data.bell_length_4
                0x000000002000016f        0x1 ./Core/Src/main.o
                0x000000002000016f                bell_length_4
 .data.underworld_melody
                0x0000000020000170       0x70 ./Core/Src/main.o
                0x0000000020000170                underworld_melody
 .data.underworld_tempo
                0x00000000200001e0       0x70 ./Core/Src/main.o
                0x00000000200001e0                underworld_tempo
 .data.underworld_length
                0x0000000020000250        0x1 ./Core/Src/main.o
                0x0000000020000250                underworld_length
 *fill*         0x0000000020000251        0x3 
 .data.SystemCoreClock
                0x0000000020000254        0x4 ./Core/Src/system_stm32f4xx.o
                0x0000000020000254                SystemCoreClock
 .data.uwTickPrio
                0x0000000020000258        0x4 ./Drivers/STM32F4xx_HAL_Driver/Src/stm32f4xx_hal.o
                0x0000000020000258                uwTickPrio
 .data.uwTickFreq
                0x000000002000025c        0x1 ./Drivers/STM32F4xx_HAL_Driver/Src/stm32f4xx_hal.o
                0x000000002000025c                uwTickFreq
 *fill*         0x000000002000025d        0x3 
 .data._impure_ptr
                0x0000000020000260        0x4 c:/st/stm32cubeide_1.9.0/stm32cubeide/plugins/com.st.stm32cube.ide.mcu.externaltools.gnu-tools-for-stm32.10.3-2021.10.win32_1.0.0.202111181127/tools/bin/../lib/gcc/arm-none-eabi/10.3.1/../../../../arm-none-eabi/lib/thumb/v7e-m+fp/hard\libc_nano.a(lib_a-impure.o)
                0x0000000020000260                _impure_ptr
 .data.impure_data
                0x0000000020000264       0x60 c:/st/stm32cubeide_1.9.0/stm32cubeide/plugins/com.st.stm32cube.ide.mcu.externaltools.gnu-tools-for-stm32.10.3-2021.10.win32_1.0.0.202111181127/tools/bin/../lib/gcc/arm-none-eabi/10.3.1/../../../../arm-none-eabi/lib/thumb/v7e-m+fp/hard\libc_nano.a(lib_a-impure.o)
 *(.RamFunc)
 *(.RamFunc*)
                0x00000000200002c4                . = ALIGN (0x4)
                0x00000000200002c4                _edata = .
                0x0000000008009f1c                _siccmram = LOADADDR (.ccmram)

.igot.plt       0x00000000200002c4        0x0 load address 0x0000000008009f1c
 .igot.plt      0x00000000200002c4        0x0 c:/st/stm32cubeide_1.9.0/stm32cubeide/plugins/com.st.stm32cube.ide.mcu.externaltools.gnu-tools-for-stm32.10.3-2021.10.win32_1.0.0.202111181127/tools/bin/../lib/gcc/arm-none-eabi/10.3.1/thumb/v7e-m+fp/hard/crtbegin.o

.ccmram         0x0000000010000000        0x0 load address 0x0000000008009f1c
                0x0000000010000000                . = ALIGN (0x4)
                0x0000000010000000                _sccmram = .
 *(.ccmram)
 *(.ccmram*)
                0x0000000010000000                . = ALIGN (0x4)
                0x0000000010000000                _eccmram = .
                0x0000000010000000                . = ALIGN (0x4)

.bss            0x00000000200002c4      0x308
                0x00000000200002c4                _sbss = .
                0x00000000200002c4                __bss_start__ = _sbss
 *(.bss)
 .bss           0x00000000200002c4       0x1c c:/st/stm32cubeide_1.9.0/stm32cubeide/plugins/com.st.stm32cube.ide.mcu.externaltools.gnu-tools-for-stm32.10.3-2021.10.win32_1.0.0.202111181127/tools/bin/../lib/gcc/arm-none-eabi/10.3.1/thumb/v7e-m+fp/hard/crtbegin.o
 *(.bss*)
 .bss.hadc1     0x00000000200002e0       0x48 ./Core/Src/adc.o
                0x00000000200002e0                hadc1
 .bss.hi2c1     0x0000000020000328       0x54 ./Core/Src/i2c.o
                0x0000000020000328                hi2c1
 .bss.flashTime
                0x000000002000037c        0xb ./Core/Src/main.o
                0x000000002000037c                flashTime
 .bss.rx        0x0000000020000387        0x1 ./Core/Src/main.o
                0x0000000020000387                rx
 .bss.rx_buf    0x0000000020000388       0x14 ./Core/Src/main.o
                0x0000000020000388                rx_buf
 .bss.bufindex  0x000000002000039c        0x4 ./Core/Src/main.o
                0x000000002000039c                bufindex
 .bss.receive_data_type
                0x00000000200003a0        0x1 ./Core/Src/main.o
                0x00000000200003a0                receive_data_type
 *fill*         0x00000000200003a1        0x3 
 .bss.p         0x00000000200003a4        0x4 ./Core/Src/main.o
                0x00000000200003a4                p
 .bss.click     0x00000000200003a8       0x18 ./Core/Src/main.o
                0x00000000200003a8                click
 .bss.current_time
                0x00000000200003c0        0x4 ./Core/Src/main.o
                0x00000000200003c0                current_time
 .bss.time_interval
                0x00000000200003c4        0x4 ./Core/Src/main.o
                0x00000000200003c4                time_interval
 .bss.last_time
                0x00000000200003c8        0x4 ./Core/Src/main.o
                0x00000000200003c8                last_time
 .bss.longClick
                0x00000000200003cc        0x1 ./Core/Src/main.o
                0x00000000200003cc                longClick
 *fill*         0x00000000200003cd        0x3 
 .bss.ADC_value
                0x00000000200003d0        0x4 ./Core/Src/main.o
                0x00000000200003d0                ADC_value
 .bss.lcd_display_number
                0x00000000200003d4        0x1 ./Core/Src/main.o
                0x00000000200003d4                lcd_display_number
 *fill*         0x00000000200003d5        0x3 
 .bss.sTime     0x00000000200003d8       0x14 ./Core/Src/main.o
                0x00000000200003d8                sTime
 .bss.sDate     0x00000000200003ec        0x4 ./Core/Src/main.o
                0x00000000200003ec                sDate
 .bss.buf       0x00000000200003f0       0x19 ./Core/Src/main.o
                0x00000000200003f0                buf
 *fill*         0x0000000020000409        0x3 
 .bss.temp      0x000000002000040c       0x19 ./Core/Src/main.o
                0x000000002000040c                temp
 *fill*         0x0000000020000425        0x3 
 .bss.ADC_flag  0x0000000020000428        0x4 ./Core/Src/main.o
                0x0000000020000428                ADC_flag
 .bss.st        0x000000002000042c        0x4 ./Core/Src/main.o
                0x000000002000042c                st
 .bss.at        0x0000000020000430        0x4 ./Core/Src/main.o
                0x0000000020000430                at
 .bss.melody_number
                0x0000000020000434        0x1 ./Core/Src/main.o
                0x0000000020000434                melody_number
 *fill*         0x0000000020000435        0x3 
 .bss.EraseInitStruct
                0x0000000020000438       0x14 ./Core/Src/main.o
 .bss.FirstSector
                0x000000002000044c        0x4 ./Core/Src/main.o
                0x000000002000044c                FirstSector
 .bss.NbOfSectors
                0x0000000020000450        0x4 ./Core/Src/main.o
                0x0000000020000450                NbOfSectors
 .bss.Address   0x0000000020000454        0x4 ./Core/Src/main.o
                0x0000000020000454                Address
 .bss.SECTORError
                0x0000000020000458        0x4 ./Core/Src/main.o
                0x0000000020000458                SECTORError
 .bss.hrtc      0x000000002000045c       0x20 ./Core/Src/rtc.o
                0x000000002000045c                hrtc
 .bss.__sbrk_heap_end
                0x000000002000047c        0x4 ./Core/Src/sysmem.o
 .bss.htim2     0x0000000020000480       0x48 ./Core/Src/tim.o
                0x0000000020000480                htim2
 .bss.htim3     0x00000000200004c8       0x48 ./Core/Src/tim.o
                0x00000000200004c8                htim3
 .bss.huart2    0x0000000020000510       0x44 ./Core/Src/usart.o
                0x0000000020000510                huart2
 .bss.huart3    0x0000000020000554       0x44 ./Core/Src/usart.o
                0x0000000020000554                huart3
 .bss.uwTick    0x0000000020000598        0x4 ./Drivers/STM32F4xx_HAL_Driver/Src/stm32f4xx_hal.o
                0x0000000020000598                uwTick
 .bss.pFlash    0x000000002000059c       0x20 ./Drivers/STM32F4xx_HAL_Driver/Src/stm32f4xx_hal_flash.o
                0x000000002000059c                pFlash
 .bss.__lock___malloc_recursive_mutex
                0x00000000200005bc        0x1 c:/st/stm32cubeide_1.9.0/stm32cubeide/plugins/com.st.stm32cube.ide.mcu.externaltools.gnu-tools-for-stm32.10.3-2021.10.win32_1.0.0.202111181127/tools/bin/../lib/gcc/arm-none-eabi/10.3.1/../../../../arm-none-eabi/lib/thumb/v7e-m+fp/hard\libc_nano.a(lib_a-lock.o)
                0x00000000200005bc                __lock___malloc_recursive_mutex
 .bss.__lock___sfp_recursive_mutex
                0x00000000200005bd        0x1 c:/st/stm32cubeide_1.9.0/stm32cubeide/plugins/com.st.stm32cube.ide.mcu.externaltools.gnu-tools-for-stm32.10.3-2021.10.win32_1.0.0.202111181127/tools/bin/../lib/gcc/arm-none-eabi/10.3.1/../../../../arm-none-eabi/lib/thumb/v7e-m+fp/hard\libc_nano.a(lib_a-lock.o)
                0x00000000200005bd                __lock___sfp_recursive_mutex
 .bss.__lock___sinit_recursive_mutex
                0x00000000200005be        0x1 c:/st/stm32cubeide_1.9.0/stm32cubeide/plugins/com.st.stm32cube.ide.mcu.externaltools.gnu-tools-for-stm32.10.3-2021.10.win32_1.0.0.202111181127/tools/bin/../lib/gcc/arm-none-eabi/10.3.1/../../../../arm-none-eabi/lib/thumb/v7e-m+fp/hard\libc_nano.a(lib_a-lock.o)
                0x00000000200005be                __lock___sinit_recursive_mutex
 *fill*         0x00000000200005bf        0x1 
 .bss.__malloc_free_list
                0x00000000200005c0        0x4 c:/st/stm32cubeide_1.9.0/stm32cubeide/plugins/com.st.stm32cube.ide.mcu.externaltools.gnu-tools-for-stm32.10.3-2021.10.win32_1.0.0.202111181127/tools/bin/../lib/gcc/arm-none-eabi/10.3.1/../../../../arm-none-eabi/lib/thumb/v7e-m+fp/hard\libc_nano.a(lib_a-nano-mallocr.o)
                0x00000000200005c0                __malloc_free_list
 .bss.__malloc_sbrk_start
                0x00000000200005c4        0x4 c:/st/stm32cubeide_1.9.0/stm32cubeide/plugins/com.st.stm32cube.ide.mcu.externaltools.gnu-tools-for-stm32.10.3-2021.10.win32_1.0.0.202111181127/tools/bin/../lib/gcc/arm-none-eabi/10.3.1/../../../../arm-none-eabi/lib/thumb/v7e-m+fp/hard\libc_nano.a(lib_a-nano-mallocr.o)
                0x00000000200005c4                __malloc_sbrk_start
 .bss.errno     0x00000000200005c8        0x4 c:/st/stm32cubeide_1.9.0/stm32cubeide/plugins/com.st.stm32cube.ide.mcu.externaltools.gnu-tools-for-stm32.10.3-2021.10.win32_1.0.0.202111181127/tools/bin/../lib/gcc/arm-none-eabi/10.3.1/../../../../arm-none-eabi/lib/thumb/v7e-m+fp/hard\libc_nano.a(lib_a-reent.o)
                0x00000000200005c8                errno
 *(COMMON)
                0x00000000200005cc                . = ALIGN (0x4)
                0x00000000200005cc                _ebss = .
                0x00000000200005cc                __bss_end__ = _ebss

._user_heap_stack
                0x00000000200005cc      0x604
                0x00000000200005d0                . = ALIGN (0x8)
 *fill*         0x00000000200005cc        0x4 
                [!provide]                        PROVIDE (end = .)
                0x00000000200005d0                PROVIDE (_end = .)
                0x00000000200007d0                . = (. + _Min_Heap_Size)
 *fill*         0x00000000200005d0      0x200 
                0x0000000020000bd0                . = (. + _Min_Stack_Size)
 *fill*         0x00000000200007d0      0x400 
                0x0000000020000bd0                . = ALIGN (0x8)

/DISCARD/
 libc.a(*)
 libm.a(*)
 libgcc.a(*)

.ARM.attributes
                0x0000000000000000       0x30
 *(.ARM.attributes)
 .ARM.attributes
                0x0000000000000000       0x1e c:/st/stm32cubeide_1.9.0/stm32cubeide/plugins/com.st.stm32cube.ide.mcu.externaltools.gnu-tools-for-stm32.10.3-2021.10.win32_1.0.0.202111181127/tools/bin/../lib/gcc/arm-none-eabi/10.3.1/thumb/v7e-m+fp/hard/crti.o
 .ARM.attributes
                0x000000000000001e       0x34 c:/st/stm32cubeide_1.9.0/stm32cubeide/plugins/com.st.stm32cube.ide.mcu.externaltools.gnu-tools-for-stm32.10.3-2021.10.win32_1.0.0.202111181127/tools/bin/../lib/gcc/arm-none-eabi/10.3.1/thumb/v7e-m+fp/hard/crtbegin.o
 .ARM.attributes
                0x0000000000000052       0x34 ./Core/Src/adc.o
 .ARM.attributes
                0x0000000000000086       0x34 ./Core/Src/gpio.o
 .ARM.attributes
                0x00000000000000ba       0x34 ./Core/Src/i2c.o
 .ARM.attributes
                0x00000000000000ee       0x34 ./Core/Src/main.o
 .ARM.attributes
                0x0000000000000122       0x34 ./Core/Src/rtc.o
 .ARM.attributes
                0x0000000000000156       0x34 ./Core/Src/stm32f4xx_hal_msp.o
 .ARM.attributes
                0x000000000000018a       0x34 ./Core/Src/stm32f4xx_it.o
 .ARM.attributes
                0x00000000000001be       0x34 ./Core/Src/syscalls.o
 .ARM.attributes
                0x00000000000001f2       0x34 ./Core/Src/sysmem.o
 .ARM.attributes
                0x0000000000000226       0x34 ./Core/Src/system_stm32f4xx.o
 .ARM.attributes
                0x000000000000025a       0x34 ./Core/Src/tim.o
 .ARM.attributes
                0x000000000000028e       0x34 ./Core/Src/usart.o
 .ARM.attributes
                0x00000000000002c2       0x21 ./Core/Startup/startup_stm32f429zitx.o
 .ARM.attributes
                0x00000000000002e3       0x34 ./Drivers/STM32F4xx_HAL_Driver/Src/stm32f4xx_hal.o
 .ARM.attributes
                0x0000000000000317       0x34 ./Drivers/STM32F4xx_HAL_Driver/Src/stm32f4xx_hal_adc.o
 .ARM.attributes
                0x000000000000034b       0x34 ./Drivers/STM32F4xx_HAL_Driver/Src/stm32f4xx_hal_cortex.o
 .ARM.attributes
                0x000000000000037f       0x34 ./Drivers/STM32F4xx_HAL_Driver/Src/stm32f4xx_hal_dma.o
 .ARM.attributes
                0x00000000000003b3       0x34 ./Drivers/STM32F4xx_HAL_Driver/Src/stm32f4xx_hal_flash.o
 .ARM.attributes
                0x00000000000003e7       0x34 ./Drivers/STM32F4xx_HAL_Driver/Src/stm32f4xx_hal_flash_ex.o
 .ARM.attributes
                0x000000000000041b       0x34 ./Drivers/STM32F4xx_HAL_Driver/Src/stm32f4xx_hal_gpio.o
 .ARM.attributes
                0x000000000000044f       0x34 ./Drivers/STM32F4xx_HAL_Driver/Src/stm32f4xx_hal_i2c.o
 .ARM.attributes
                0x0000000000000483       0x34 ./Drivers/STM32F4xx_HAL_Driver/Src/stm32f4xx_hal_i2c_ex.o
 .ARM.attributes
                0x00000000000004b7       0x34 ./Drivers/STM32F4xx_HAL_Driver/Src/stm32f4xx_hal_pwr_ex.o
 .ARM.attributes
                0x00000000000004eb       0x34 ./Drivers/STM32F4xx_HAL_Driver/Src/stm32f4xx_hal_rcc.o
 .ARM.attributes
                0x000000000000051f       0x34 ./Drivers/STM32F4xx_HAL_Driver/Src/stm32f4xx_hal_rcc_ex.o
 .ARM.attributes
                0x0000000000000553       0x34 ./Drivers/STM32F4xx_HAL_Driver/Src/stm32f4xx_hal_rtc.o
 .ARM.attributes
                0x0000000000000587       0x34 ./Drivers/STM32F4xx_HAL_Driver/Src/stm32f4xx_hal_tim.o
 .ARM.attributes
                0x00000000000005bb       0x34 ./Drivers/STM32F4xx_HAL_Driver/Src/stm32f4xx_hal_tim_ex.o
 .ARM.attributes
                0x00000000000005ef       0x34 ./Drivers/STM32F4xx_HAL_Driver/Src/stm32f4xx_hal_uart.o
 .ARM.attributes
                0x0000000000000623       0x34 c:/st/stm32cubeide_1.9.0/stm32cubeide/plugins/com.st.stm32cube.ide.mcu.externaltools.gnu-tools-for-stm32.10.3-2021.10.win32_1.0.0.202111181127/tools/bin/../lib/gcc/arm-none-eabi/10.3.1/../../../../arm-none-eabi/lib/thumb/v7e-m+fp/hard\libc_nano.a(lib_a-errno.o)
 .ARM.attributes